02:50:54 **** Build of configuration Debug for project PN532 ****
make -j8 all 
arm-none-eabi-gcc "../Drivers/STM32F4xx_HAL_Driver/Src/stm32f4xx_hal.c" -mcpu=cortex-m4 -std=gnu11 -g3 -DDEBUG -DUSE_HAL_DRIVER -DSTM32F411xE -c -I../Core/Inc -I../Drivers/STM32F4xx_HAL_Driver/Inc -I../Drivers/STM32F4xx_HAL_Driver/Inc/Legacy -I../Drivers/CMSIS/Device/ST/STM32F4xx/Include -I../Drivers/CMSIS/Include -O0 -ffunction-sections -fdata-sections -Wall -fstack-usage -fcyclomatic-complexity -MMD -MP -MF"Drivers/STM32F4xx_HAL_Driver/Src/stm32f4xx_hal.d" -MT"Drivers/STM32F4xx_HAL_Driver/Src/stm32f4xx_hal.o" --specs=nano.specs -mfpu=fpv4-sp-d16 -mfloat-abi=hard -mthumb -o "Drivers/STM32F4xx_HAL_Driver/Src/stm32f4xx_hal.o"
arm-none-eabi-gcc "../Drivers/STM32F4xx_HAL_Driver/Src/stm32f4xx_hal_cortex.c" -mcpu=cortex-m4 -std=gnu11 -g3 -DDEBUG -DUSE_HAL_DRIVER -DSTM32F411xE -c -I../Core/Inc -I../Drivers/STM32F4xx_HAL_Driver/Inc -I../Drivers/STM32F4xx_HAL_Driver/Inc/Legacy -I../Drivers/CMSIS/Device/ST/STM32F4xx/Include -I../Drivers/CMSIS/Include -O0 -ffunction-sections -fdata-sections -Wall -fstack-usage -fcyclomatic-complexity -MMD -MP -MF"Drivers/STM32F4xx_HAL_Driver/Src/stm32f4xx_hal_cortex.d" -MT"Drivers/STM32F4xx_HAL_Driver/Src/stm32f4xx_hal_cortex.o" --specs=nano.specs -mfpu=fpv4-sp-d16 -mfloat-abi=hard -mthumb -o "Drivers/STM32F4xx_HAL_Driver/Src/stm32f4xx_hal_cortex.o"
arm-none-eabi-gcc "../Drivers/STM32F4xx_HAL_Driver/Src/stm32f4xx_hal_dma.c" -mcpu=cortex-m4 -std=gnu11 -g3 -DDEBUG -DUSE_HAL_DRIVER -DSTM32F411xE -c -I../Core/Inc -I../Drivers/STM32F4xx_HAL_Driver/Inc -I../Drivers/STM32F4xx_HAL_Driver/Inc/Legacy -I../Drivers/CMSIS/Device/ST/STM32F4xx/Include -I../Drivers/CMSIS/Include -O0 -ffunction-sections -fdata-sections -Wall -fstack-usage -fcyclomatic-complexity -MMD -MP -MF"Drivers/STM32F4xx_HAL_Driver/Src/stm32f4xx_hal_dma.d" -MT"Drivers/STM32F4xx_HAL_Driver/Src/stm32f4xx_hal_dma.o" --specs=nano.specs -mfpu=fpv4-sp-d16 -mfloat-abi=hard -mthumb -o "Drivers/STM32F4xx_HAL_Driver/Src/stm32f4xx_hal_dma.o"
arm-none-eabi-gcc "../Drivers/STM32F4xx_HAL_Driver/Src/stm32f4xx_hal_dma_ex.c" -mcpu=cortex-m4 -std=gnu11 -g3 -DDEBUG -DUSE_HAL_DRIVER -DSTM32F411xE -c -I../Core/Inc -I../Drivers/STM32F4xx_HAL_Driver/Inc -I../Drivers/STM32F4xx_HAL_Driver/Inc/Legacy -I../Drivers/CMSIS/Device/ST/STM32F4xx/Include -I../Drivers/CMSIS/Include -O0 -ffunction-sections -fdata-sections -Wall -fstack-usage -fcyclomatic-complexity -MMD -MP -MF"Drivers/STM32F4xx_HAL_Driver/Src/stm32f4xx_hal_dma_ex.d" -MT"Drivers/STM32F4xx_HAL_Driver/Src/stm32f4xx_hal_dma_ex.o" --specs=nano.specs -mfpu=fpv4-sp-d16 -mfloat-abi=hard -mthumb -o "Drivers/STM32F4xx_HAL_Driver/Src/stm32f4xx_hal_dma_ex.o"
arm-none-eabi-gcc "../Drivers/STM32F4xx_HAL_Driver/Src/stm32f4xx_hal_exti.c" -mcpu=cortex-m4 -std=gnu11 -g3 -DDEBUG -DUSE_HAL_DRIVER -DSTM32F411xE -c -I../Core/Inc -I../Drivers/STM32F4xx_HAL_Driver/Inc -I../Drivers/STM32F4xx_HAL_Driver/Inc/Legacy -I../Drivers/CMSIS/Device/ST/STM32F4xx/Include -I../Drivers/CMSIS/Include -O0 -ffunction-sections -fdata-sections -Wall -fstack-usage -fcyclomatic-complexity -MMD -MP -MF"Drivers/STM32F4xx_HAL_Driver/Src/stm32f4xx_hal_exti.d" -MT"Drivers/STM32F4xx_HAL_Driver/Src/stm32f4xx_hal_exti.o" --specs=nano.specs -mfpu=fpv4-sp-d16 -mfloat-abi=hard -mthumb -o "Drivers/STM32F4xx_HAL_Driver/Src/stm32f4xx_hal_exti.o"
arm-none-eabi-gcc "../Drivers/STM32F4xx_HAL_Driver/Src/stm32f4xx_hal_flash.c" -mcpu=cortex-m4 -std=gnu11 -g3 -DDEBUG -DUSE_HAL_DRIVER -DSTM32F411xE -c -I../Core/Inc -I../Drivers/STM32F4xx_HAL_Driver/Inc -I../Drivers/STM32F4xx_HAL_Driver/Inc/Legacy -I../Drivers/CMSIS/Device/ST/STM32F4xx/Include -I../Drivers/CMSIS/Include -O0 -ffunction-sections -fdata-sections -Wall -fstack-usage -fcyclomatic-complexity -MMD -MP -MF"Drivers/STM32F4xx_HAL_Driver/Src/stm32f4xx_hal_flash.d" -MT"Drivers/STM32F4xx_HAL_Driver/Src/stm32f4xx_hal_flash.o" --specs=nano.specs -mfpu=fpv4-sp-d16 -mfloat-abi=hard -mthumb -o "Drivers/STM32F4xx_HAL_Driver/Src/stm32f4xx_hal_flash.o"
arm-none-eabi-gcc "../Drivers/STM32F4xx_HAL_Driver/Src/stm32f4xx_hal_flash_ex.c" -mcpu=cortex-m4 -std=gnu11 -g3 -DDEBUG -DUSE_HAL_DRIVER -DSTM32F411xE -c -I../Core/Inc -I../Drivers/STM32F4xx_HAL_Driver/Inc -I../Drivers/STM32F4xx_HAL_Driver/Inc/Legacy -I../Drivers/CMSIS/Device/ST/STM32F4xx/Include -I../Drivers/CMSIS/Include -O0 -ffunction-sections -fdata-sections -Wall -fstack-usage -fcyclomatic-complexity -MMD -MP -MF"Drivers/STM32F4xx_HAL_Driver/Src/stm32f4xx_hal_flash_ex.d" -MT"Drivers/STM32F4xx_HAL_Driver/Src/stm32f4xx_hal_flash_ex.o" --specs=nano.specs -mfpu=fpv4-sp-d16 -mfloat-abi=hard -mthumb -o "Drivers/STM32F4xx_HAL_Driver/Src/stm32f4xx_hal_flash_ex.o"
arm-none-eabi-gcc "../Drivers/STM32F4xx_HAL_Driver/Src/stm32f4xx_hal_flash_ramfunc.c" -mcpu=cortex-m4 -std=gnu11 -g3 -DDEBUG -DUSE_HAL_DRIVER -DSTM32F411xE -c -I../Core/Inc -I../Drivers/STM32F4xx_HAL_Driver/Inc -I../Drivers/STM32F4xx_HAL_Driver/Inc/Legacy -I../Drivers/CMSIS/Device/ST/STM32F4xx/Include -I../Drivers/CMSIS/Include -O0 -ffunction-sections -fdata-sections -Wall -fstack-usage -fcyclomatic-complexity -MMD -MP -MF"Drivers/STM32F4xx_HAL_Driver/Src/stm32f4xx_hal_flash_ramfunc.d" -MT"Drivers/STM32F4xx_HAL_Driver/Src/stm32f4xx_hal_flash_ramfunc.o" --specs=nano.specs -mfpu=fpv4-sp-d16 -mfloat-abi=hard -mthumb -o "Drivers/STM32F4xx_HAL_Driver/Src/stm32f4xx_hal_flash_ramfunc.o"
arm-none-eabi-gcc "../Drivers/STM32F4xx_HAL_Driver/Src/stm32f4xx_hal_gpio.c" -mcpu=cortex-m4 -std=gnu11 -g3 -DDEBUG -DUSE_HAL_DRIVER -DSTM32F411xE -c -I../Core/Inc -I../Drivers/STM32F4xx_HAL_Driver/Inc -I../Drivers/STM32F4xx_HAL_Driver/Inc/Legacy -I../Drivers/CMSIS/Device/ST/STM32F4xx/Include -I../Drivers/CMSIS/Include -O0 -ffunction-sections -fdata-sections -Wall -fstack-usage -fcyclomatic-complexity -MMD -MP -MF"Drivers/STM32F4xx_HAL_Driver/Src/stm32f4xx_hal_gpio.d" -MT"Drivers/STM32F4xx_HAL_Driver/Src/stm32f4xx_hal_gpio.o" --specs=nano.specs -mfpu=fpv4-sp-d16 -mfloat-abi=hard -mthumb -o "Drivers/STM32F4xx_HAL_Driver/Src/stm32f4xx_hal_gpio.o"
arm-none-eabi-gcc "../Drivers/STM32F4xx_HAL_Driver/Src/stm32f4xx_hal_pwr.c" -mcpu=cortex-m4 -std=gnu11 -g3 -DDEBUG -DUSE_HAL_DRIVER -DSTM32F411xE -c -I../Core/Inc -I../Drivers/STM32F4xx_HAL_Driver/Inc -I../Drivers/STM32F4xx_HAL_Driver/Inc/Legacy -I../Drivers/CMSIS/Device/ST/STM32F4xx/Include -I../Drivers/CMSIS/Include -O0 -ffunction-sections -fdata-sections -Wall -fstack-usage -fcyclomatic-complexity -MMD -MP -MF"Drivers/STM32F4xx_HAL_Driver/Src/stm32f4xx_hal_pwr.d" -MT"Drivers/STM32F4xx_HAL_Driver/Src/stm32f4xx_hal_pwr.o" --specs=nano.specs -mfpu=fpv4-sp-d16 -mfloat-abi=hard -mthumb -o "Drivers/STM32F4xx_HAL_Driver/Src/stm32f4xx_hal_pwr.o"
arm-none-eabi-gcc "../Drivers/STM32F4xx_HAL_Driver/Src/stm32f4xx_hal_pwr_ex.c" -mcpu=cortex-m4 -std=gnu11 -g3 -DDEBUG -DUSE_HAL_DRIVER -DSTM32F411xE -c -I../Core/Inc -I../Drivers/STM32F4xx_HAL_Driver/Inc -I../Drivers/STM32F4xx_HAL_Driver/Inc/Legacy -I../Drivers/CMSIS/Device/ST/STM32F4xx/Include -I../Drivers/CMSIS/Include -O0 -ffunction-sections -fdata-sections -Wall -fstack-usage -fcyclomatic-complexity -MMD -MP -MF"Drivers/STM32F4xx_HAL_Driver/Src/stm32f4xx_hal_pwr_ex.d" -MT"Drivers/STM32F4xx_HAL_Driver/Src/stm32f4xx_hal_pwr_ex.o" --specs=nano.specs -mfpu=fpv4-sp-d16 -mfloat-abi=hard -mthumb -o "Drivers/STM32F4xx_HAL_Driver/Src/stm32f4xx_hal_pwr_ex.o"
arm-none-eabi-gcc "../Drivers/STM32F4xx_HAL_Driver/Src/stm32f4xx_hal_rcc.c" -mcpu=cortex-m4 -std=gnu11 -g3 -DDEBUG -DUSE_HAL_DRIVER -DSTM32F411xE -c -I../Core/Inc -I../Drivers/STM32F4xx_HAL_Driver/Inc -I../Drivers/STM32F4xx_HAL_Driver/Inc/Legacy -I../Drivers/CMSIS/Device/ST/STM32F4xx/Include -I../Drivers/CMSIS/Include -O0 -ffunction-sections -fdata-sections -Wall -fstack-usage -fcyclomatic-complexity -MMD -MP -MF"Drivers/STM32F4xx_HAL_Driver/Src/stm32f4xx_hal_rcc.d" -MT"Drivers/STM32F4xx_HAL_Driver/Src/stm32f4xx_hal_rcc.o" --specs=nano.specs -mfpu=fpv4-sp-d16 -mfloat-abi=hard -mthumb -o "Drivers/STM32F4xx_HAL_Driver/Src/stm32f4xx_hal_rcc.o"
arm-none-eabi-gcc "../Drivers/STM32F4xx_HAL_Driver/Src/stm32f4xx_hal_rcc_ex.c" -mcpu=cortex-m4 -std=gnu11 -g3 -DDEBUG -DUSE_HAL_DRIVER -DSTM32F411xE -c -I../Core/Inc -I../Drivers/STM32F4xx_HAL_Driver/Inc -I../Drivers/STM32F4xx_HAL_Driver/Inc/Legacy -I../Drivers/CMSIS/Device/ST/STM32F4xx/Include -I../Drivers/CMSIS/Include -O0 -ffunction-sections -fdata-sections -Wall -fstack-usage -fcyclomatic-complexity -MMD -MP -MF"Drivers/STM32F4xx_HAL_Driver/Src/stm32f4xx_hal_rcc_ex.d" -MT"Drivers/STM32F4xx_HAL_Driver/Src/stm32f4xx_hal_rcc_ex.o" --specs=nano.specs -mfpu=fpv4-sp-d16 -mfloat-abi=hard -mthumb -o "Drivers/STM32F4xx_HAL_Driver/Src/stm32f4xx_hal_rcc_ex.o"
arm-none-eabi-gcc "../Drivers/STM32F4xx_HAL_Driver/Src/stm32f4xx_hal_tim.c" -mcpu=cortex-m4 -std=gnu11 -g3 -DDEBUG -DUSE_HAL_DRIVER -DSTM32F411xE -c -I../Core/Inc -I../Drivers/STM32F4xx_HAL_Driver/Inc -I../Drivers/STM32F4xx_HAL_Driver/Inc/Legacy -I../Drivers/CMSIS/Device/ST/STM32F4xx/Include -I../Drivers/CMSIS/Include -O0 -ffunction-sections -fdata-sections -Wall -fstack-usage -fcyclomatic-complexity -MMD -MP -MF"Drivers/STM32F4xx_HAL_Driver/Src/stm32f4xx_hal_tim.d" -MT"Drivers/STM32F4xx_HAL_Driver/Src/stm32f4xx_hal_tim.o" --specs=nano.specs -mfpu=fpv4-sp-d16 -mfloat-abi=hard -mthumb -o "Drivers/STM32F4xx_HAL_Driver/Src/stm32f4xx_hal_tim.o"
arm-none-eabi-gcc "../Drivers/STM32F4xx_HAL_Driver/Src/stm32f4xx_hal_tim_ex.c" -mcpu=cortex-m4 -std=gnu11 -g3 -DDEBUG -DUSE_HAL_DRIVER -DSTM32F411xE -c -I../Core/Inc -I../Drivers/STM32F4xx_HAL_Driver/Inc -I../Drivers/STM32F4xx_HAL_Driver/Inc/Legacy -I../Drivers/CMSIS/Device/ST/STM32F4xx/Include -I../Drivers/CMSIS/Include -O0 -ffunction-sections -fdata-sections -Wall -fstack-usage -fcyclomatic-complexity -MMD -MP -MF"Drivers/STM32F4xx_HAL_Driver/Src/stm32f4xx_hal_tim_ex.d" -MT"Drivers/STM32F4xx_HAL_Driver/Src/stm32f4xx_hal_tim_ex.o" --specs=nano.specs -mfpu=fpv4-sp-d16 -mfloat-abi=hard -mthumb -o "Drivers/STM32F4xx_HAL_Driver/Src/stm32f4xx_hal_tim_ex.o"
arm-none-eabi-gcc -mcpu=cortex-m4 -g3 -DDEBUG -c -x assembler-with-cpp -MMD -MP -MF"Core/Startup/startup_stm32f411ceux.d" -MT"Core/Startup/startup_stm32f411ceux.o" --specs=nano.specs -mfpu=fpv4-sp-d16 -mfloat-abi=hard -mthumb -o "Core/Startup/startup_stm32f411ceux.o" "../Core/Startup/startup_stm32f411ceux.s"
arm-none-eabi-gcc "../Core/Src/gpio.c" -mcpu=cortex-m4 -std=gnu11 -g3 -DDEBUG -DUSE_HAL_DRIVER -DSTM32F411xE -c -I../Core/Inc -I../Drivers/STM32F4xx_HAL_Driver/Inc -I../Drivers/STM32F4xx_HAL_Driver/Inc/Legacy -I../Drivers/CMSIS/Device/ST/STM32F4xx/Include -I../Drivers/CMSIS/Include -O0 -ffunction-sections -fdata-sections -Wall -fstack-usage -fcyclomatic-complexity -MMD -MP -MF"Core/Src/gpio.d" -MT"Core/Src/gpio.o" --specs=nano.specs -mfpu=fpv4-sp-d16 -mfloat-abi=hard -mthumb -o "Core/Src/gpio.o"
arm-none-eabi-gcc "../Core/Src/main.c" -mcpu=cortex-m4 -std=gnu11 -g3 -DDEBUG -DUSE_HAL_DRIVER -DSTM32F411xE -c -I../Core/Inc -I../Drivers/STM32F4xx_HAL_Driver/Inc -I../Drivers/STM32F4xx_HAL_Driver/Inc/Legacy -I../Drivers/CMSIS/Device/ST/STM32F4xx/Include -I../Drivers/CMSIS/Include -O0 -ffunction-sections -fdata-sections -Wall -fstack-usage -fcyclomatic-complexity -MMD -MP -MF"Core/Src/main.d" -MT"Core/Src/main.o" --specs=nano.specs -mfpu=fpv4-sp-d16 -mfloat-abi=hard -mthumb -o "Core/Src/main.o"
arm-none-eabi-gcc "../Core/Src/stm32f4xx_hal_msp.c" -mcpu=cortex-m4 -std=gnu11 -g3 -DDEBUG -DUSE_HAL_DRIVER -DSTM32F411xE -c -I../Core/Inc -I../Drivers/STM32F4xx_HAL_Driver/Inc -I../Drivers/STM32F4xx_HAL_Driver/Inc/Legacy -I../Drivers/CMSIS/Device/ST/STM32F4xx/Include -I../Drivers/CMSIS/Include -O0 -ffunction-sections -fdata-sections -Wall -fstack-usage -fcyclomatic-complexity -MMD -MP -MF"Core/Src/stm32f4xx_hal_msp.d" -MT"Core/Src/stm32f4xx_hal_msp.o" --specs=nano.specs -mfpu=fpv4-sp-d16 -mfloat-abi=hard -mthumb -o "Core/Src/stm32f4xx_hal_msp.o"
arm-none-eabi-gcc "../Core/Src/stm32f4xx_it.c" -mcpu=cortex-m4 -std=gnu11 -g3 -DDEBUG -DUSE_HAL_DRIVER -DSTM32F411xE -c -I../Core/Inc -I../Drivers/STM32F4xx_HAL_Driver/Inc -I../Drivers/STM32F4xx_HAL_Driver/Inc/Legacy -I../Drivers/CMSIS/Device/ST/STM32F4xx/Include -I../Drivers/CMSIS/Include -O0 -ffunction-sections -fdata-sections -Wall -fstack-usage -fcyclomatic-complexity -MMD -MP -MF"Core/Src/stm32f4xx_it.d" -MT"Core/Src/stm32f4xx_it.o" --specs=nano.specs -mfpu=fpv4-sp-d16 -mfloat-abi=hard -mthumb -o "Core/Src/stm32f4xx_it.o"
arm-none-eabi-gcc "../Core/Src/syscalls.c" -mcpu=cortex-m4 -std=gnu11 -g3 -DDEBUG -DUSE_HAL_DRIVER -DSTM32F411xE -c -I../Core/Inc -I../Drivers/STM32F4xx_HAL_Driver/Inc -I../Drivers/STM32F4xx_HAL_Driver/Inc/Legacy -I../Drivers/CMSIS/Device/ST/STM32F4xx/Include -I../Drivers/CMSIS/Include -O0 -ffunction-sections -fdata-sections -Wall -fstack-usage -fcyclomatic-complexity -MMD -MP -MF"Core/Src/syscalls.d" -MT"Core/Src/syscalls.o" --specs=nano.specs -mfpu=fpv4-sp-d16 -mfloat-abi=hard -mthumb -o "Core/Src/syscalls.o"
arm-none-eabi-gcc "../Core/Src/sysmem.c" -mcpu=cortex-m4 -std=gnu11 -g3 -DDEBUG -DUSE_HAL_DRIVER -DSTM32F411xE -c -I../Core/Inc -I../Drivers/STM32F4xx_HAL_Driver/Inc -I../Drivers/STM32F4xx_HAL_Driver/Inc/Legacy -I../Drivers/CMSIS/Device/ST/STM32F4xx/Include -I../Drivers/CMSIS/Include -O0 -ffunction-sections -fdata-sections -Wall -fstack-usage -fcyclomatic-complexity -MMD -MP -MF"Core/Src/sysmem.d" -MT"Core/Src/sysmem.o" --specs=nano.specs -mfpu=fpv4-sp-d16 -mfloat-abi=hard -mthumb -o "Core/Src/sysmem.o"
arm-none-eabi-gcc "../Core/Src/system_stm32f4xx.c" -mcpu=cortex-m4 -std=gnu11 -g3 -DDEBUG -DUSE_HAL_DRIVER -DSTM32F411xE -c -I../Core/Inc -I../Drivers/STM32F4xx_HAL_Driver/Inc -I../Drivers/STM32F4xx_HAL_Driver/Inc/Legacy -I../Drivers/CMSIS/Device/ST/STM32F4xx/Include -I../Drivers/CMSIS/Include -O0 -ffunction-sections -fdata-sections -Wall -fstack-usage -fcyclomatic-complexity -MMD -MP -MF"Core/Src/system_stm32f4xx.d" -MT"Core/Src/system_stm32f4xx.o" --specs=nano.specs -mfpu=fpv4-sp-d16 -mfloat-abi=hard -mthumb -o "Core/Src/system_stm32f4xx.o"
arm-none-eabi-gcc -o "PN532.elf" @"objects.list"   -mcpu=cortex-m4 -T"C:\NelsonLima\Projetos\Github\lib_PN532\CubeIDE\PN532\STM32F411CEUX_FLASH.ld" --specs=nosys.specs -Wl,-Map="PN532.map" -Wl,--gc-sections -static --specs=nano.specs -mfpu=fpv4-sp-d16 -mfloat-abi=hard -mthumb -Wl,--start-group -lc -lm -Wl,--end-group
Finished building target: PN532.elf
 
arm-none-eabi-size  PN532.elf 
arm-none-eabi-objdump -h -S PN532.elf  > "PN532.list"
   text	   data	    bss	    dec	    hex	filename
   5744	     20	   1572	   7336	   1ca8	PN532.elf
Finished building: default.size.stdout
 
Finished building: PN532.list
 
02:51:20 **** Incremental Build of configuration Debug for project PN532 ****
make -j8 all 
arm-none-eabi-size  PN532.elf 
   text	   data	    bss	    dec	    hex	filename
   5744	     20	   1572	   7336	   1ca8	PN532.elf
Finished building: default.size.stdout
 
02:53:31 **** Incremental Build of configuration Debug for project PN532 ****
make -j8 all 
arm-none-eabi-size  PN532.elf 
   text	   data	    bss	    dec	    hex	filename
   5744	     20	   1572	   7336	   1ca8	PN532.elf
Finished building: default.size.stdout
 
02:56:46 **** Incremental Build of configuration Debug for project PN532 ****
make -j8 all 
arm-none-eabi-gcc "../Core/Src/gpio.c" -mcpu=cortex-m4 -std=gnu11 -g3 -DDEBUG -DUSE_HAL_DRIVER -DSTM32F411xE -c -I../Core/Inc -I../Drivers/STM32F4xx_HAL_Driver/Inc -I../Drivers/STM32F4xx_HAL_Driver/Inc/Legacy -I../Drivers/CMSIS/Device/ST/STM32F4xx/Include -I../Drivers/CMSIS/Include -O0 -ffunction-sections -fdata-sections -Wall -fstack-usage -fcyclomatic-complexity -MMD -MP -MF"Core/Src/gpio.d" -MT"Core/Src/gpio.o" --specs=nano.specs -mfpu=fpv4-sp-d16 -mfloat-abi=hard -mthumb -o "Core/Src/gpio.o"
arm-none-eabi-gcc "../Core/Src/main.c" -mcpu=cortex-m4 -std=gnu11 -g3 -DDEBUG -DUSE_HAL_DRIVER -DSTM32F411xE -c -I../Core/Inc -I../Drivers/STM32F4xx_HAL_Driver/Inc -I../Drivers/STM32F4xx_HAL_Driver/Inc/Legacy -I../Drivers/CMSIS/Device/ST/STM32F4xx/Include -I../Drivers/CMSIS/Include -O0 -ffunction-sections -fdata-sections -Wall -fstack-usage -fcyclomatic-complexity -MMD -MP -MF"Core/Src/main.d" -MT"Core/Src/main.o" --specs=nano.specs -mfpu=fpv4-sp-d16 -mfloat-abi=hard -mthumb -o "Core/Src/main.o"
../Core/Src/main.c: In function 'main':
../Core/Src/main.c:97:53: error: 'GPIO_Pin' undeclared (first use in this function); did you mean 'GPIO_PIN_3'?
   97 |           HAL_GPIO_TogglePin(LED_EXTERNO_GPIO_Port, GPIO_Pin);
      |                                                     ^~~~~~~~
      |                                                     GPIO_PIN_3
../Core/Src/main.c:97:53: note: each undeclared identifier is reported only once for each function it appears in
make: *** [Core/Src/subdir.mk:37: Core/Src/main.o] Error 1
make: *** Waiting for unfinished jobs....
"make -j8 all" terminated with exit code 2. Build might be incomplete.
02:57:58 **** Incremental Build of configuration Debug for project PN532 ****
make -j8 all 
arm-none-eabi-gcc "../Core/Src/main.c" -mcpu=cortex-m4 -std=gnu11 -g3 -DDEBUG -DUSE_HAL_DRIVER -DSTM32F411xE -c -I../Core/Inc -I../Drivers/STM32F4xx_HAL_Driver/Inc -I../Drivers/STM32F4xx_HAL_Driver/Inc/Legacy -I../Drivers/CMSIS/Device/ST/STM32F4xx/Include -I../Drivers/CMSIS/Include -O0 -ffunction-sections -fdata-sections -Wall -fstack-usage -fcyclomatic-complexity -MMD -MP -MF"Core/Src/main.d" -MT"Core/Src/main.o" --specs=nano.specs -mfpu=fpv4-sp-d16 -mfloat-abi=hard -mthumb -o "Core/Src/main.o"
../Core/Src/main.c: In function 'main':
../Core/Src/main.c:97:11: warning: implicit declaration of function 'HAL_GPIO_Toggle'; did you mean 'HAL_GPIO_TogglePin'? [-Wimplicit-function-declaration]
   97 |           HAL_GPIO_Toggle(LED_EXTERNO_GPIO_Port,LED_EXTERNO_Pin);
      |           ^~~~~~~~~~~~~~~
      |           HAL_GPIO_TogglePin
arm-none-eabi-gcc -o "PN532.elf" @"objects.list"   -mcpu=cortex-m4 -T"C:\NelsonLima\Projetos\Github\lib_PN532\CubeIDE\PN532\STM32F411CEUX_FLASH.ld" --specs=nosys.specs -Wl,-Map="PN532.map" -Wl,--gc-sections -static --specs=nano.specs -mfpu=fpv4-sp-d16 -mfloat-abi=hard -mthumb -Wl,--start-group -lc -lm -Wl,--end-group
C:/ST/STM32CubeIDE_1.14.1/STM32CubeIDE/plugins/com.st.stm32cube.ide.mcu.externaltools.gnu-tools-for-stm32.11.3.rel1.win32_1.1.100.202309141235/tools/bin/../lib/gcc/arm-none-eabi/11.3.1/../../../../arm-none-eabi/bin/ld.exe: ./Core/Src/main.o: in function `main':
C:/NelsonLima/Projetos/Github/lib_PN532/CubeIDE/PN532/Debug/../Core/Src/main.c:97: undefined reference to `HAL_GPIO_Toggle'
collect2.exe: error: ld returned 1 exit status
make: *** [makefile:64: PN532.elf] Error 1
"make -j8 all" terminated with exit code 2. Build might be incomplete.
03:00:11 **** Incremental Build of configuration Debug for project PN532 ****
make -j8 all 
arm-none-eabi-gcc "../Core/Src/main.c" -mcpu=cortex-m4 -std=gnu11 -g3 -DDEBUG -DUSE_HAL_DRIVER -DSTM32F411xE -c -I../Core/Inc -I../Drivers/STM32F4xx_HAL_Driver/Inc -I../Drivers/STM32F4xx_HAL_Driver/Inc/Legacy -I../Drivers/CMSIS/Device/ST/STM32F4xx/Include -I../Drivers/CMSIS/Include -O0 -ffunction-sections -fdata-sections -Wall -fstack-usage -fcyclomatic-complexity -MMD -MP -MF"Core/Src/main.d" -MT"Core/Src/main.o" --specs=nano.specs -mfpu=fpv4-sp-d16 -mfloat-abi=hard -mthumb -o "Core/Src/main.o"
arm-none-eabi-gcc -o "PN532.elf" @"objects.list"   -mcpu=cortex-m4 -T"C:\NelsonLima\Projetos\Github\lib_PN532\CubeIDE\PN532\STM32F411CEUX_FLASH.ld" --specs=nosys.specs -Wl,-Map="PN532.map" -Wl,--gc-sections -static --specs=nano.specs -mfpu=fpv4-sp-d16 -mfloat-abi=hard -mthumb -Wl,--start-group -lc -lm -Wl,--end-group
Finished building target: PN532.elf
 
arm-none-eabi-size  PN532.elf 
arm-none-eabi-objdump -h -S PN532.elf  > "PN532.list"
   text	   data	    bss	    dec	    hex	filename
   5888	     20	   1572	   7480	   1d38	PN532.elf
Finished building: default.size.stdout
 
Finished building: PN532.list
 
03:10:46 **** Incremental Build of configuration Debug for project PN532 ****
make -j8 all 
arm-none-eabi-gcc "../Core/Src/main.c" -mcpu=cortex-m4 -std=gnu11 -g3 -DDEBUG -DUSE_HAL_DRIVER -DSTM32F411xE -c -I../Core/Inc -I../Drivers/STM32F4xx_HAL_Driver/Inc -I../Drivers/STM32F4xx_HAL_Driver/Inc/Legacy -I../Drivers/CMSIS/Device/ST/STM32F4xx/Include -I../Drivers/CMSIS/Include -O0 -ffunction-sections -fdata-sections -Wall -fstack-usage -fcyclomatic-complexity -MMD -MP -MF"Core/Src/main.d" -MT"Core/Src/main.o" --specs=nano.specs -mfpu=fpv4-sp-d16 -mfloat-abi=hard -mthumb -o "Core/Src/main.o"
../Core/Src/main.c: In function 'main':
../Core/Src/main.c:94:3: error: unknown type name 'u_int8_t'; did you mean 'uint8_t'?
   94 |   u_int8_t tmrLED = HAL_GetTick();
      |   ^~~~~~~~
      |   uint8_t
make: *** [Core/Src/subdir.mk:37: Core/Src/main.o] Error 1
"make -j8 all" terminated with exit code 2. Build might be incomplete.
03:11:24 **** Incremental Build of configuration Debug for project PN532 ****
make -j8 all 
arm-none-eabi-gcc "../Core/Src/main.c" -mcpu=cortex-m4 -std=gnu11 -g3 -DDEBUG -DUSE_HAL_DRIVER -DSTM32F411xE -c -I../Core/Inc -I../Drivers/STM32F4xx_HAL_Driver/Inc -I../Drivers/STM32F4xx_HAL_Driver/Inc/Legacy -I../Drivers/CMSIS/Device/ST/STM32F4xx/Include -I../Drivers/CMSIS/Include -O0 -ffunction-sections -fdata-sections -Wall -fstack-usage -fcyclomatic-complexity -MMD -MP -MF"Core/Src/main.d" -MT"Core/Src/main.o" --specs=nano.specs -mfpu=fpv4-sp-d16 -mfloat-abi=hard -mthumb -o "Core/Src/main.o"
arm-none-eabi-gcc -o "PN532.elf" @"objects.list"   -mcpu=cortex-m4 -T"C:\NelsonLima\Projetos\Github\lib_PN532\CubeIDE\PN532\STM32F411CEUX_FLASH.ld" --specs=nosys.specs -Wl,-Map="PN532.map" -Wl,--gc-sections -static --specs=nano.specs -mfpu=fpv4-sp-d16 -mfloat-abi=hard -mthumb -Wl,--start-group -lc -lm -Wl,--end-group
Finished building target: PN532.elf
 
arm-none-eabi-size  PN532.elf 
arm-none-eabi-objdump -h -S PN532.elf  > "PN532.list"
   text	   data	    bss	    dec	    hex	filename
   5840	     20	   1572	   7432	   1d08	PN532.elf
Finished building: default.size.stdout
 
Finished building: PN532.list
 
03:16:45 **** Incremental Build of configuration Debug for project PN532 ****
make -j8 all 
arm-none-eabi-gcc "../Core/Src/main.c" -mcpu=cortex-m4 -std=gnu11 -g3 -DDEBUG -DUSE_HAL_DRIVER -DSTM32F411xE -c -I../Core/Inc -I../Drivers/STM32F4xx_HAL_Driver/Inc -I../Drivers/STM32F4xx_HAL_Driver/Inc/Legacy -I../Drivers/CMSIS/Device/ST/STM32F4xx/Include -I../Drivers/CMSIS/Include -O0 -ffunction-sections -fdata-sections -Wall -fstack-usage -fcyclomatic-complexity -MMD -MP -MF"Core/Src/main.d" -MT"Core/Src/main.o" --specs=nano.specs -mfpu=fpv4-sp-d16 -mfloat-abi=hard -mthumb -o "Core/Src/main.o"
arm-none-eabi-gcc -o "PN532.elf" @"objects.list"   -mcpu=cortex-m4 -T"C:\NelsonLima\Projetos\Github\lib_PN532\CubeIDE\PN532\STM32F411CEUX_FLASH.ld" --specs=nosys.specs -Wl,-Map="PN532.map" -Wl,--gc-sections -static --specs=nano.specs -mfpu=fpv4-sp-d16 -mfloat-abi=hard -mthumb -Wl,--start-group -lc -lm -Wl,--end-group
Finished building target: PN532.elf
 
arm-none-eabi-size  PN532.elf 
arm-none-eabi-objdump -h -S PN532.elf  > "PN532.list"
   text	   data	    bss	    dec	    hex	filename
   5848	     20	   1572	   7440	   1d10	PN532.elf
Finished building: default.size.stdout
 
Finished building: PN532.list
 
03:18:50 **** Incremental Build of configuration Debug for project PN532 ****
make -j8 all 
arm-none-eabi-gcc "../Core/Src/main.c" -mcpu=cortex-m4 -std=gnu11 -g3 -DDEBUG -DUSE_HAL_DRIVER -DSTM32F411xE -c -I../Core/Inc -I../Drivers/STM32F4xx_HAL_Driver/Inc -I../Drivers/STM32F4xx_HAL_Driver/Inc/Legacy -I../Drivers/CMSIS/Device/ST/STM32F4xx/Include -I../Drivers/CMSIS/Include -O0 -ffunction-sections -fdata-sections -Wall -fstack-usage -fcyclomatic-complexity -MMD -MP -MF"Core/Src/main.d" -MT"Core/Src/main.o" --specs=nano.specs -mfpu=fpv4-sp-d16 -mfloat-abi=hard -mthumb -o "Core/Src/main.o"
arm-none-eabi-gcc -o "PN532.elf" @"objects.list"   -mcpu=cortex-m4 -T"C:\NelsonLima\Projetos\Github\lib_PN532\CubeIDE\PN532\STM32F411CEUX_FLASH.ld" --specs=nosys.specs -Wl,-Map="PN532.map" -Wl,--gc-sections -static --specs=nano.specs -mfpu=fpv4-sp-d16 -mfloat-abi=hard -mthumb -Wl,--start-group -lc -lm -Wl,--end-group
Finished building target: PN532.elf
 
arm-none-eabi-size  PN532.elf 
arm-none-eabi-objdump -h -S PN532.elf  > "PN532.list"
   text	   data	    bss	    dec	    hex	filename
   5840	     20	   1572	   7432	   1d08	PN532.elf
Finished building: default.size.stdout
 
Finished building: PN532.list
 
03:19:18 **** Incremental Build of configuration Debug for project PN532 ****
make -j8 all 
arm-none-eabi-gcc "../Core/Src/main.c" -mcpu=cortex-m4 -std=gnu11 -g3 -DDEBUG -DUSE_HAL_DRIVER -DSTM32F411xE -c -I../Core/Inc -I../Drivers/STM32F4xx_HAL_Driver/Inc -I../Drivers/STM32F4xx_HAL_Driver/Inc/Legacy -I../Drivers/CMSIS/Device/ST/STM32F4xx/Include -I../Drivers/CMSIS/Include -O0 -ffunction-sections -fdata-sections -Wall -fstack-usage -fcyclomatic-complexity -MMD -MP -MF"Core/Src/main.d" -MT"Core/Src/main.o" --specs=nano.specs -mfpu=fpv4-sp-d16 -mfloat-abi=hard -mthumb -o "Core/Src/main.o"
arm-none-eabi-gcc -o "PN532.elf" @"objects.list"   -mcpu=cortex-m4 -T"C:\NelsonLima\Projetos\Github\lib_PN532\CubeIDE\PN532\STM32F411CEUX_FLASH.ld" --specs=nosys.specs -Wl,-Map="PN532.map" -Wl,--gc-sections -static --specs=nano.specs -mfpu=fpv4-sp-d16 -mfloat-abi=hard -mthumb -Wl,--start-group -lc -lm -Wl,--end-group
Finished building target: PN532.elf
 
arm-none-eabi-size  PN532.elf 
arm-none-eabi-objdump -h -S PN532.elf  > "PN532.list"
   text	   data	    bss	    dec	    hex	filename
   5840	     20	   1572	   7432	   1d08	PN532.elf
Finished building: default.size.stdout
 
Finished building: PN532.list
 
22:28:51 **** Incremental Build of configuration Debug for project PN532 ****
make -j8 all 
arm-none-eabi-gcc "../Core/Src/usr/main_PN532.c" -mcpu=cortex-m4 -std=gnu11 -g3 -DDEBUG -DUSE_HAL_DRIVER -DSTM32F411xE -c -I../Core/Inc -I../Drivers/STM32F4xx_HAL_Driver/Inc -I../Drivers/STM32F4xx_HAL_Driver/Inc/Legacy -I../Drivers/CMSIS/Device/ST/STM32F4xx/Include -I../Drivers/CMSIS/Include -O0 -ffunction-sections -fdata-sections -Wall -fstack-usage -fcyclomatic-complexity -MMD -MP -MF"Core/Src/usr/main_PN532.d" -MT"Core/Src/usr/main_PN532.o" --specs=nano.specs -mfpu=fpv4-sp-d16 -mfloat-abi=hard -mthumb -o "Core/Src/usr/main_PN532.o"
arm-none-eabi-gcc "../Core/Src/main.c" -mcpu=cortex-m4 -std=gnu11 -g3 -DDEBUG -DUSE_HAL_DRIVER -DSTM32F411xE -c -I../Core/Inc -I../Drivers/STM32F4xx_HAL_Driver/Inc -I../Drivers/STM32F4xx_HAL_Driver/Inc/Legacy -I../Drivers/CMSIS/Device/ST/STM32F4xx/Include -I../Drivers/CMSIS/Include -O0 -ffunction-sections -fdata-sections -Wall -fstack-usage -fcyclomatic-complexity -MMD -MP -MF"Core/Src/main.d" -MT"Core/Src/main.o" --specs=nano.specs -mfpu=fpv4-sp-d16 -mfloat-abi=hard -mthumb -o "Core/Src/main.o"
../Core/Src/usr/main_PN532.c:3:8: error: unknown type name 'uint32_t'
    3 | static uint32_t tmrLED = HAL_GetTick ();
      |        ^~~~~~~~
../Core/Src/usr/main_PN532.c:3:26: warning: implicit declaration of function 'HAL_GetTick' [-Wimplicit-function-declaration]
    3 | static uint32_t tmrLED = HAL_GetTick ();
      |                          ^~~~~~~~~~~
../Core/Src/usr/main_PN532.c:3:26: error: initializer element is not constant
../Core/Src/usr/main_PN532.c: In function 'main_PN532':
../Core/Src/usr/main_PN532.c:12:7: warning: implicit declaration of function 'HAL_GPIO_TogglePin' [-Wimplicit-function-declaration]
   12 |       HAL_GPIO_TogglePin (LED_EXTERNO_GPIO_Port, LED_EXTERNO_Pin);
      |       ^~~~~~~~~~~~~~~~~~
../Core/Src/usr/main_PN532.c:12:27: error: 'LED_EXTERNO_GPIO_Port' undeclared (first use in this function)
   12 |       HAL_GPIO_TogglePin (LED_EXTERNO_GPIO_Port, LED_EXTERNO_Pin);
      |                           ^~~~~~~~~~~~~~~~~~~~~
../Core/Src/usr/main_PN532.c:12:27: note: each undeclared identifier is reported only once for each function it appears in
../Core/Src/usr/main_PN532.c:12:50: error: 'LED_EXTERNO_Pin' undeclared (first use in this function)
   12 |       HAL_GPIO_TogglePin (LED_EXTERNO_GPIO_Port, LED_EXTERNO_Pin);
      |                                                  ^~~~~~~~~~~~~~~
../Core/Src/usr/main_PN532.c:18:1: warning: control reaches end of non-void function [-Wreturn-type]
   18 | }
      | ^
make: *** [Core/Src/usr/subdir.mk:19: Core/Src/usr/main_PN532.o] Error 1
make: *** Waiting for unfinished jobs....
"make -j8 all" terminated with exit code 2. Build might be incomplete.
22:29:11 **** Incremental Build of configuration Debug for project PN532 ****
make -j8 all 
arm-none-eabi-gcc "../Core/Src/usr/main_PN532.c" -mcpu=cortex-m4 -std=gnu11 -g3 -DDEBUG -DUSE_HAL_DRIVER -DSTM32F411xE -c -I../Core/Inc -I../Drivers/STM32F4xx_HAL_Driver/Inc -I../Drivers/STM32F4xx_HAL_Driver/Inc/Legacy -I../Drivers/CMSIS/Device/ST/STM32F4xx/Include -I../Drivers/CMSIS/Include -O0 -ffunction-sections -fdata-sections -Wall -fstack-usage -fcyclomatic-complexity -MMD -MP -MF"Core/Src/usr/main_PN532.d" -MT"Core/Src/usr/main_PN532.o" --specs=nano.specs -mfpu=fpv4-sp-d16 -mfloat-abi=hard -mthumb -o "Core/Src/usr/main_PN532.o"
arm-none-eabi-gcc "../Core/Src/main.c" -mcpu=cortex-m4 -std=gnu11 -g3 -DDEBUG -DUSE_HAL_DRIVER -DSTM32F411xE -c -I../Core/Inc -I../Drivers/STM32F4xx_HAL_Driver/Inc -I../Drivers/STM32F4xx_HAL_Driver/Inc/Legacy -I../Drivers/CMSIS/Device/ST/STM32F4xx/Include -I../Drivers/CMSIS/Include -O0 -ffunction-sections -fdata-sections -Wall -fstack-usage -fcyclomatic-complexity -MMD -MP -MF"Core/Src/main.d" -MT"Core/Src/main.o" --specs=nano.specs -mfpu=fpv4-sp-d16 -mfloat-abi=hard -mthumb -o "Core/Src/main.o"
../Core/Src/usr/main_PN532.c:3:26: error: initializer element is not constant
    3 | static uint32_t tmrLED = HAL_GetTick ();
      |                          ^~~~~~~~~~~
../Core/Src/usr/main_PN532.c: In function 'main_PN532':
../Core/Src/usr/main_PN532.c:18:1: warning: control reaches end of non-void function [-Wreturn-type]
   18 | }
      | ^
make: *** [Core/Src/usr/subdir.mk:19: Core/Src/usr/main_PN532.o] Error 1
make: *** Waiting for unfinished jobs....
"make -j8 all" terminated with exit code 2. Build might be incomplete.
22:29:38 **** Incremental Build of configuration Debug for project PN532 ****
make -j8 all 
arm-none-eabi-gcc "../Core/Src/usr/main_PN532.c" -mcpu=cortex-m4 -std=gnu11 -g3 -DDEBUG -DUSE_HAL_DRIVER -DSTM32F411xE -c -I../Core/Inc -I../Drivers/STM32F4xx_HAL_Driver/Inc -I../Drivers/STM32F4xx_HAL_Driver/Inc/Legacy -I../Drivers/CMSIS/Device/ST/STM32F4xx/Include -I../Drivers/CMSIS/Include -O0 -ffunction-sections -fdata-sections -Wall -fstack-usage -fcyclomatic-complexity -MMD -MP -MF"Core/Src/usr/main_PN532.d" -MT"Core/Src/usr/main_PN532.o" --specs=nano.specs -mfpu=fpv4-sp-d16 -mfloat-abi=hard -mthumb -o "Core/Src/usr/main_PN532.o"
../Core/Src/usr/main_PN532.c:3:26: error: initializer element is not constant
    3 | static uint32_t tmrLED = HAL_GetTick();
      |                          ^~~~~~~~~~~
../Core/Src/usr/main_PN532.c: In function 'main_PN532':
../Core/Src/usr/main_PN532.c:18:1: warning: control reaches end of non-void function [-Wreturn-type]
   18 | }
      | ^
make: *** [Core/Src/usr/subdir.mk:19: Core/Src/usr/main_PN532.o] Error 1
"make -j8 all" terminated with exit code 2. Build might be incomplete.
22:29:58 **** Incremental Build of configuration Debug for project PN532 ****
make -j8 all 
arm-none-eabi-gcc "../Core/Src/usr/main_PN532.c" -mcpu=cortex-m4 -std=gnu11 -g3 -DDEBUG -DUSE_HAL_DRIVER -DSTM32F411xE -c -I../Core/Inc -I../Drivers/STM32F4xx_HAL_Driver/Inc -I../Drivers/STM32F4xx_HAL_Driver/Inc/Legacy -I../Drivers/CMSIS/Device/ST/STM32F4xx/Include -I../Drivers/CMSIS/Include -O0 -ffunction-sections -fdata-sections -Wall -fstack-usage -fcyclomatic-complexity -MMD -MP -MF"Core/Src/usr/main_PN532.d" -MT"Core/Src/usr/main_PN532.o" --specs=nano.specs -mfpu=fpv4-sp-d16 -mfloat-abi=hard -mthumb -o "Core/Src/usr/main_PN532.o"
../Core/Src/usr/main_PN532.c:4:19: error: initializer element is not constant
    4 | uint32_t tmrLED = HAL_GetTick();
      |                   ^~~~~~~~~~~
../Core/Src/usr/main_PN532.c: In function 'main_PN532':
../Core/Src/usr/main_PN532.c:19:1: warning: control reaches end of non-void function [-Wreturn-type]
   19 | }
      | ^
make: *** [Core/Src/usr/subdir.mk:19: Core/Src/usr/main_PN532.o] Error 1
"make -j8 all" terminated with exit code 2. Build might be incomplete.
22:30:54 **** Incremental Build of configuration Debug for project PN532 ****
make -j8 all 
arm-none-eabi-gcc "../Core/Src/usr/main_PN532.c" -mcpu=cortex-m4 -std=gnu11 -g3 -DDEBUG -DUSE_HAL_DRIVER -DSTM32F411xE -c -I../Core/Inc -I../Drivers/STM32F4xx_HAL_Driver/Inc -I../Drivers/STM32F4xx_HAL_Driver/Inc/Legacy -I../Drivers/CMSIS/Device/ST/STM32F4xx/Include -I../Drivers/CMSIS/Include -O0 -ffunction-sections -fdata-sections -Wall -fstack-usage -fcyclomatic-complexity -MMD -MP -MF"Core/Src/usr/main_PN532.d" -MT"Core/Src/usr/main_PN532.o" --specs=nano.specs -mfpu=fpv4-sp-d16 -mfloat-abi=hard -mthumb -o "Core/Src/usr/main_PN532.o"
../Core/Src/usr/main_PN532.c: In function 'main_PN532':
../Core/Src/usr/main_PN532.c:10:23: error: 'tmrLED' undeclared (first use in this function)
   10 |   if (HAL_GetTick() - tmrLED >= 50)
      |                       ^~~~~~
../Core/Src/usr/main_PN532.c:10:23: note: each undeclared identifier is reported only once for each function it appears in
../Core/Src/usr/main_PN532.c:19:1: warning: control reaches end of non-void function [-Wreturn-type]
   19 | }
      | ^
make: *** [Core/Src/usr/subdir.mk:19: Core/Src/usr/main_PN532.o] Error 1
"make -j8 all" terminated with exit code 2. Build might be incomplete.
22:31:13 **** Incremental Build of configuration Debug for project PN532 ****
make -j8 all 
arm-none-eabi-gcc "../Core/Src/usr/main_PN532.c" -mcpu=cortex-m4 -std=gnu11 -g3 -DDEBUG -DUSE_HAL_DRIVER -DSTM32F411xE -c -I../Core/Inc -I../Drivers/STM32F4xx_HAL_Driver/Inc -I../Drivers/STM32F4xx_HAL_Driver/Inc/Legacy -I../Drivers/CMSIS/Device/ST/STM32F4xx/Include -I../Drivers/CMSIS/Include -O0 -ffunction-sections -fdata-sections -Wall -fstack-usage -fcyclomatic-complexity -MMD -MP -MF"Core/Src/usr/main_PN532.d" -MT"Core/Src/usr/main_PN532.o" --specs=nano.specs -mfpu=fpv4-sp-d16 -mfloat-abi=hard -mthumb -o "Core/Src/usr/main_PN532.o"
../Core/Src/usr/main_PN532.c: In function 'main_PN532':
../Core/Src/usr/main_PN532.c:21:1: warning: control reaches end of non-void function [-Wreturn-type]
   21 | }
      | ^
arm-none-eabi-gcc -o "PN532.elf" @"objects.list"   -mcpu=cortex-m4 -T"C:\NelsonLima\Projetos\Github\lib_PN532\CubeIDE\PN532\STM32F411CEUX_FLASH.ld" --specs=nosys.specs -Wl,-Map="PN532.map" -Wl,--gc-sections -static --specs=nano.specs -mfpu=fpv4-sp-d16 -mfloat-abi=hard -mthumb -Wl,--start-group -lc -lm -Wl,--end-group
Finished building target: PN532.elf
 
arm-none-eabi-size  PN532.elf 
arm-none-eabi-objdump -h -S PN532.elf  > "PN532.list"
   text	   data	    bss	    dec	    hex	filename
   5744	     20	   1572	   7336	   1ca8	PN532.elf
Finished building: default.size.stdout
 
Finished building: PN532.list
 
22:32:12 **** Incremental Build of configuration Debug for project PN532 ****
make -j8 all 
arm-none-eabi-gcc "../Core/Src/usr/main_PN532.c" -mcpu=cortex-m4 -std=gnu11 -g3 -DDEBUG -DUSE_HAL_DRIVER -DSTM32F411xE -c -I../Core/Inc -I../Drivers/STM32F4xx_HAL_Driver/Inc -I../Drivers/STM32F4xx_HAL_Driver/Inc/Legacy -I../Drivers/CMSIS/Device/ST/STM32F4xx/Include -I../Drivers/CMSIS/Include -O0 -ffunction-sections -fdata-sections -Wall -fstack-usage -fcyclomatic-complexity -MMD -MP -MF"Core/Src/usr/main_PN532.d" -MT"Core/Src/usr/main_PN532.o" --specs=nano.specs -mfpu=fpv4-sp-d16 -mfloat-abi=hard -mthumb -o "Core/Src/usr/main_PN532.o"
../Core/Src/usr/main_PN532.c: In function 'main_PN532':
../Core/Src/usr/main_PN532.c:22:1: warning: control reaches end of non-void function [-Wreturn-type]
   22 | }
      | ^
arm-none-eabi-gcc -o "PN532.elf" @"objects.list"   -mcpu=cortex-m4 -T"C:\NelsonLima\Projetos\Github\lib_PN532\CubeIDE\PN532\STM32F411CEUX_FLASH.ld" --specs=nosys.specs -Wl,-Map="PN532.map" -Wl,--gc-sections -static --specs=nano.specs -mfpu=fpv4-sp-d16 -mfloat-abi=hard -mthumb -Wl,--start-group -lc -lm -Wl,--end-group
Finished building target: PN532.elf
 
arm-none-eabi-size  PN532.elf 
arm-none-eabi-objdump -h -S PN532.elf  > "PN532.list"
   text	   data	    bss	    dec	    hex	filename
   5744	     20	   1572	   7336	   1ca8	PN532.elf
Finished building: default.size.stdout
 
Finished building: PN532.list
 
22:32:24 **** Incremental Build of configuration Debug for project PN532 ****
make -j8 all 
arm-none-eabi-gcc "../Core/Src/usr/main_PN532.c" -mcpu=cortex-m4 -std=gnu11 -g3 -DDEBUG -DUSE_HAL_DRIVER -DSTM32F411xE -c -I../Core/Inc -I../Drivers/STM32F4xx_HAL_Driver/Inc -I../Drivers/STM32F4xx_HAL_Driver/Inc/Legacy -I../Drivers/CMSIS/Device/ST/STM32F4xx/Include -I../Drivers/CMSIS/Include -O0 -ffunction-sections -fdata-sections -Wall -fstack-usage -fcyclomatic-complexity -MMD -MP -MF"Core/Src/usr/main_PN532.d" -MT"Core/Src/usr/main_PN532.o" --specs=nano.specs -mfpu=fpv4-sp-d16 -mfloat-abi=hard -mthumb -o "Core/Src/usr/main_PN532.o"
../Core/Src/usr/main_PN532.c: In function 'main_PN532':
../Core/Src/usr/main_PN532.c:22:1: warning: control reaches end of non-void function [-Wreturn-type]
   22 | }
      | ^
arm-none-eabi-gcc -o "PN532.elf" @"objects.list"   -mcpu=cortex-m4 -T"C:\NelsonLima\Projetos\Github\lib_PN532\CubeIDE\PN532\STM32F411CEUX_FLASH.ld" --specs=nosys.specs -Wl,-Map="PN532.map" -Wl,--gc-sections -static --specs=nano.specs -mfpu=fpv4-sp-d16 -mfloat-abi=hard -mthumb -Wl,--start-group -lc -lm -Wl,--end-group
Finished building target: PN532.elf
 
arm-none-eabi-size  PN532.elf 
arm-none-eabi-objdump -h -S PN532.elf  > "PN532.list"
   text	   data	    bss	    dec	    hex	filename
   5744	     20	   1572	   7336	   1ca8	PN532.elf
Finished building: default.size.stdout
 
Finished building: PN532.list
 
22:32:33 **** Incremental Build of configuration Debug for project PN532 ****
make -j8 all 
arm-none-eabi-gcc "../Core/Src/usr/main_PN532.c" -mcpu=cortex-m4 -std=gnu11 -g3 -DDEBUG -DUSE_HAL_DRIVER -DSTM32F411xE -c -I../Core/Inc -I../Drivers/STM32F4xx_HAL_Driver/Inc -I../Drivers/STM32F4xx_HAL_Driver/Inc/Legacy -I../Drivers/CMSIS/Device/ST/STM32F4xx/Include -I../Drivers/CMSIS/Include -O0 -ffunction-sections -fdata-sections -Wall -fstack-usage -fcyclomatic-complexity -MMD -MP -MF"Core/Src/usr/main_PN532.d" -MT"Core/Src/usr/main_PN532.o" --specs=nano.specs -mfpu=fpv4-sp-d16 -mfloat-abi=hard -mthumb -o "Core/Src/usr/main_PN532.o"
../Core/Src/usr/main_PN532.c:5:19: error: initializer element is not constant
    5 | uint32_t tmrLED = HAL_GetTick();
      |                   ^~~~~~~~~~~
../Core/Src/usr/main_PN532.c: In function 'main_PN532':
../Core/Src/usr/main_PN532.c:22:1: warning: control reaches end of non-void function [-Wreturn-type]
   22 | }
      | ^
make: *** [Core/Src/usr/subdir.mk:19: Core/Src/usr/main_PN532.o] Error 1
"make -j8 all" terminated with exit code 2. Build might be incomplete.
22:33:25 **** Incremental Build of configuration Debug for project PN532 ****
make -j8 all 
arm-none-eabi-gcc "../Core/Src/usr/main_PN532.c" -mcpu=cortex-m4 -std=gnu11 -g3 -DDEBUG -DUSE_HAL_DRIVER -DSTM32F411xE -c -I../Core/Inc -I../Drivers/STM32F4xx_HAL_Driver/Inc -I../Drivers/STM32F4xx_HAL_Driver/Inc/Legacy -I../Drivers/CMSIS/Device/ST/STM32F4xx/Include -I../Drivers/CMSIS/Include -O0 -ffunction-sections -fdata-sections -Wall -fstack-usage -fcyclomatic-complexity -MMD -MP -MF"Core/Src/usr/main_PN532.d" -MT"Core/Src/usr/main_PN532.o" --specs=nano.specs -mfpu=fpv4-sp-d16 -mfloat-abi=hard -mthumb -o "Core/Src/usr/main_PN532.o"
arm-none-eabi-gcc -o "PN532.elf" @"objects.list"   -mcpu=cortex-m4 -T"C:\NelsonLima\Projetos\Github\lib_PN532\CubeIDE\PN532\STM32F411CEUX_FLASH.ld" --specs=nosys.specs -Wl,-Map="PN532.map" -Wl,--gc-sections -static --specs=nano.specs -mfpu=fpv4-sp-d16 -mfloat-abi=hard -mthumb -Wl,--start-group -lc -lm -Wl,--end-group
Finished building target: PN532.elf
 
arm-none-eabi-size  PN532.elf 
arm-none-eabi-objdump -h -S PN532.elf  > "PN532.list"
   text	   data	    bss	    dec	    hex	filename
   5744	     20	   1572	   7336	   1ca8	PN532.elf
Finished building: default.size.stdout
 
Finished building: PN532.list
 
22:33:35 **** Incremental Build of configuration Debug for project PN532 ****
make -j8 all 
arm-none-eabi-gcc "../Core/Src/usr/main_PN532.c" -mcpu=cortex-m4 -std=gnu11 -g3 -DDEBUG -DUSE_HAL_DRIVER -DSTM32F411xE -c -I../Core/Inc -I../Drivers/STM32F4xx_HAL_Driver/Inc -I../Drivers/STM32F4xx_HAL_Driver/Inc/Legacy -I../Drivers/CMSIS/Device/ST/STM32F4xx/Include -I../Drivers/CMSIS/Include -O0 -ffunction-sections -fdata-sections -Wall -fstack-usage -fcyclomatic-complexity -MMD -MP -MF"Core/Src/usr/main_PN532.d" -MT"Core/Src/usr/main_PN532.o" --specs=nano.specs -mfpu=fpv4-sp-d16 -mfloat-abi=hard -mthumb -o "Core/Src/usr/main_PN532.o"
arm-none-eabi-gcc -o "PN532.elf" @"objects.list"   -mcpu=cortex-m4 -T"C:\NelsonLima\Projetos\Github\lib_PN532\CubeIDE\PN532\STM32F411CEUX_FLASH.ld" --specs=nosys.specs -Wl,-Map="PN532.map" -Wl,--gc-sections -static --specs=nano.specs -mfpu=fpv4-sp-d16 -mfloat-abi=hard -mthumb -Wl,--start-group -lc -lm -Wl,--end-group
Finished building target: PN532.elf
 
arm-none-eabi-size  PN532.elf 
arm-none-eabi-objdump -h -S PN532.elf  > "PN532.list"
   text	   data	    bss	    dec	    hex	filename
   5744	     20	   1572	   7336	   1ca8	PN532.elf
Finished building: default.size.stdout
 
Finished building: PN532.list
 
22:33:52 **** Incremental Build of configuration Debug for project PN532 ****
make -j8 all 
arm-none-eabi-gcc "../Core/Src/usr/main_PN532.c" -mcpu=cortex-m4 -std=gnu11 -g3 -DDEBUG -DUSE_HAL_DRIVER -DSTM32F411xE -c -I../Core/Inc -I../Drivers/STM32F4xx_HAL_Driver/Inc -I../Drivers/STM32F4xx_HAL_Driver/Inc/Legacy -I../Drivers/CMSIS/Device/ST/STM32F4xx/Include -I../Drivers/CMSIS/Include -O0 -ffunction-sections -fdata-sections -Wall -fstack-usage -fcyclomatic-complexity -MMD -MP -MF"Core/Src/usr/main_PN532.d" -MT"Core/Src/usr/main_PN532.o" --specs=nano.specs -mfpu=fpv4-sp-d16 -mfloat-abi=hard -mthumb -o "Core/Src/usr/main_PN532.o"
arm-none-eabi-gcc -o "PN532.elf" @"objects.list"   -mcpu=cortex-m4 -T"C:\NelsonLima\Projetos\Github\lib_PN532\CubeIDE\PN532\STM32F411CEUX_FLASH.ld" --specs=nosys.specs -Wl,-Map="PN532.map" -Wl,--gc-sections -static --specs=nano.specs -mfpu=fpv4-sp-d16 -mfloat-abi=hard -mthumb -Wl,--start-group -lc -lm -Wl,--end-group
Finished building target: PN532.elf
 
arm-none-eabi-size  PN532.elf 
arm-none-eabi-objdump -h -S PN532.elf  > "PN532.list"
   text	   data	    bss	    dec	    hex	filename
   5744	     20	   1572	   7336	   1ca8	PN532.elf
Finished building: default.size.stdout
 
Finished building: PN532.list
 
22:34:07 **** Incremental Build of configuration Debug for project PN532 ****
make -j8 all 
arm-none-eabi-gcc "../Core/Src/usr/main_PN532.c" -mcpu=cortex-m4 -std=gnu11 -g3 -DDEBUG -DUSE_HAL_DRIVER -DSTM32F411xE -c -I../Core/Inc -I../Drivers/STM32F4xx_HAL_Driver/Inc -I../Drivers/STM32F4xx_HAL_Driver/Inc/Legacy -I../Drivers/CMSIS/Device/ST/STM32F4xx/Include -I../Drivers/CMSIS/Include -O0 -ffunction-sections -fdata-sections -Wall -fstack-usage -fcyclomatic-complexity -MMD -MP -MF"Core/Src/usr/main_PN532.d" -MT"Core/Src/usr/main_PN532.o" --specs=nano.specs -mfpu=fpv4-sp-d16 -mfloat-abi=hard -mthumb -o "Core/Src/usr/main_PN532.o"
../Core/Src/usr/main_PN532.c:7:19: error: initializer element is not constant
    7 | uint32_t tmrLED = HAL_GetTick();
      |                   ^~~~~~~~~~~
make: *** [Core/Src/usr/subdir.mk:19: Core/Src/usr/main_PN532.o] Error 1
"make -j8 all" terminated with exit code 2. Build might be incomplete.
22:34:32 **** Incremental Build of configuration Debug for project PN532 ****
make -j8 all 
arm-none-eabi-gcc "../Core/Src/usr/main_PN532.c" -mcpu=cortex-m4 -std=gnu11 -g3 -DDEBUG -DUSE_HAL_DRIVER -DSTM32F411xE -c -I../Core/Inc -I../Drivers/STM32F4xx_HAL_Driver/Inc -I../Drivers/STM32F4xx_HAL_Driver/Inc/Legacy -I../Drivers/CMSIS/Device/ST/STM32F4xx/Include -I../Drivers/CMSIS/Include -O0 -ffunction-sections -fdata-sections -Wall -fstack-usage -fcyclomatic-complexity -MMD -MP -MF"Core/Src/usr/main_PN532.d" -MT"Core/Src/usr/main_PN532.o" --specs=nano.specs -mfpu=fpv4-sp-d16 -mfloat-abi=hard -mthumb -o "Core/Src/usr/main_PN532.o"
arm-none-eabi-gcc -o "PN532.elf" @"objects.list"   -mcpu=cortex-m4 -T"C:\NelsonLima\Projetos\Github\lib_PN532\CubeIDE\PN532\STM32F411CEUX_FLASH.ld" --specs=nosys.specs -Wl,-Map="PN532.map" -Wl,--gc-sections -static --specs=nano.specs -mfpu=fpv4-sp-d16 -mfloat-abi=hard -mthumb -Wl,--start-group -lc -lm -Wl,--end-group
Finished building target: PN532.elf
 
arm-none-eabi-size  PN532.elf 
arm-none-eabi-objdump -h -S PN532.elf  > "PN532.list"
   text	   data	    bss	    dec	    hex	filename
   5744	     20	   1572	   7336	   1ca8	PN532.elf
Finished building: default.size.stdout
 
Finished building: PN532.list
 
22:36:25 **** Incremental Build of configuration Debug for project PN532 ****
make -j8 all 
arm-none-eabi-gcc "../Core/Src/usr/main_PN532.c" -mcpu=cortex-m4 -std=gnu11 -g3 -DDEBUG -DUSE_HAL_DRIVER -DSTM32F411xE -c -I../Core/Inc -I../Drivers/STM32F4xx_HAL_Driver/Inc -I../Drivers/STM32F4xx_HAL_Driver/Inc/Legacy -I../Drivers/CMSIS/Device/ST/STM32F4xx/Include -I../Drivers/CMSIS/Include -O0 -ffunction-sections -fdata-sections -Wall -fstack-usage -fcyclomatic-complexity -MMD -MP -MF"Core/Src/usr/main_PN532.d" -MT"Core/Src/usr/main_PN532.o" --specs=nano.specs -mfpu=fpv4-sp-d16 -mfloat-abi=hard -mthumb -o "Core/Src/usr/main_PN532.o"
arm-none-eabi-gcc -o "PN532.elf" @"objects.list"   -mcpu=cortex-m4 -T"C:\NelsonLima\Projetos\Github\lib_PN532\CubeIDE\PN532\STM32F411CEUX_FLASH.ld" --specs=nosys.specs -Wl,-Map="PN532.map" -Wl,--gc-sections -static --specs=nano.specs -mfpu=fpv4-sp-d16 -mfloat-abi=hard -mthumb -Wl,--start-group -lc -lm -Wl,--end-group
Finished building target: PN532.elf
 
arm-none-eabi-size  PN532.elf 
arm-none-eabi-objdump -h -S PN532.elf  > "PN532.list"
   text	   data	    bss	    dec	    hex	filename
   5744	     20	   1572	   7336	   1ca8	PN532.elf
Finished building: default.size.stdout
 
Finished building: PN532.list
 
22:36:31 **** Incremental Build of configuration Debug for project PN532 ****
make -j8 all 
arm-none-eabi-size  PN532.elf 
   text	   data	    bss	    dec	    hex	filename
   5744	     20	   1572	   7336	   1ca8	PN532.elf
Finished building: default.size.stdout
 
22:37:12 **** Incremental Build of configuration Debug for project PN532 ****
make -j8 all 
arm-none-eabi-gcc "../Core/Src/usr/main_PN532.c" -mcpu=cortex-m4 -std=gnu11 -g3 -DDEBUG -DUSE_HAL_DRIVER -DSTM32F411xE -c -I../Core/Inc -I../Drivers/STM32F4xx_HAL_Driver/Inc -I../Drivers/STM32F4xx_HAL_Driver/Inc/Legacy -I../Drivers/CMSIS/Device/ST/STM32F4xx/Include -I../Drivers/CMSIS/Include -O0 -ffunction-sections -fdata-sections -Wall -fstack-usage -fcyclomatic-complexity -MMD -MP -MF"Core/Src/usr/main_PN532.d" -MT"Core/Src/usr/main_PN532.o" --specs=nano.specs -mfpu=fpv4-sp-d16 -mfloat-abi=hard -mthumb -o "Core/Src/usr/main_PN532.o"
arm-none-eabi-gcc "../Core/Src/main.c" -mcpu=cortex-m4 -std=gnu11 -g3 -DDEBUG -DUSE_HAL_DRIVER -DSTM32F411xE -c -I../Core/Inc -I../Drivers/STM32F4xx_HAL_Driver/Inc -I../Drivers/STM32F4xx_HAL_Driver/Inc/Legacy -I../Drivers/CMSIS/Device/ST/STM32F4xx/Include -I../Drivers/CMSIS/Include -O0 -ffunction-sections -fdata-sections -Wall -fstack-usage -fcyclomatic-complexity -MMD -MP -MF"Core/Src/main.d" -MT"Core/Src/main.o" --specs=nano.specs -mfpu=fpv4-sp-d16 -mfloat-abi=hard -mthumb -o "Core/Src/main.o"
arm-none-eabi-gcc -o "PN532.elf" @"objects.list"   -mcpu=cortex-m4 -T"C:\NelsonLima\Projetos\Github\lib_PN532\CubeIDE\PN532\STM32F411CEUX_FLASH.ld" --specs=nosys.specs -Wl,-Map="PN532.map" -Wl,--gc-sections -static --specs=nano.specs -mfpu=fpv4-sp-d16 -mfloat-abi=hard -mthumb -Wl,--start-group -lc -lm -Wl,--end-group
Finished building target: PN532.elf
 
arm-none-eabi-size  PN532.elf 
arm-none-eabi-objdump -h -S PN532.elf  > "PN532.list"
   text	   data	    bss	    dec	    hex	filename
   5856	     20	   1572	   7448	   1d18	PN532.elf
Finished building: default.size.stdout
 
Finished building: PN532.list
 
01:28:26 **** Incremental Build of configuration Debug for project PN532 ****
make -j8 all 
arm-none-eabi-gcc "../Drivers/STM32F4xx_HAL_Driver/Src/stm32f4xx_hal.c" -mcpu=cortex-m4 -std=gnu11 -g3 -DDEBUG -DUSE_HAL_DRIVER -DSTM32F411xE -c -I../Core/Inc -I../Drivers/STM32F4xx_HAL_Driver/Inc -I../Drivers/STM32F4xx_HAL_Driver/Inc/Legacy -I../Drivers/CMSIS/Device/ST/STM32F4xx/Include -I../Drivers/CMSIS/Include -O0 -ffunction-sections -fdata-sections -Wall -fstack-usage -fcyclomatic-complexity -MMD -MP -MF"Drivers/STM32F4xx_HAL_Driver/Src/stm32f4xx_hal.d" -MT"Drivers/STM32F4xx_HAL_Driver/Src/stm32f4xx_hal.o" --specs=nano.specs -mfpu=fpv4-sp-d16 -mfloat-abi=hard -mthumb -o "Drivers/STM32F4xx_HAL_Driver/Src/stm32f4xx_hal.o"
arm-none-eabi-gcc "../Drivers/STM32F4xx_HAL_Driver/Src/stm32f4xx_hal_cortex.c" -mcpu=cortex-m4 -std=gnu11 -g3 -DDEBUG -DUSE_HAL_DRIVER -DSTM32F411xE -c -I../Core/Inc -I../Drivers/STM32F4xx_HAL_Driver/Inc -I../Drivers/STM32F4xx_HAL_Driver/Inc/Legacy -I../Drivers/CMSIS/Device/ST/STM32F4xx/Include -I../Drivers/CMSIS/Include -O0 -ffunction-sections -fdata-sections -Wall -fstack-usage -fcyclomatic-complexity -MMD -MP -MF"Drivers/STM32F4xx_HAL_Driver/Src/stm32f4xx_hal_cortex.d" -MT"Drivers/STM32F4xx_HAL_Driver/Src/stm32f4xx_hal_cortex.o" --specs=nano.specs -mfpu=fpv4-sp-d16 -mfloat-abi=hard -mthumb -o "Drivers/STM32F4xx_HAL_Driver/Src/stm32f4xx_hal_cortex.o"
arm-none-eabi-gcc "../Drivers/STM32F4xx_HAL_Driver/Src/stm32f4xx_hal_dma.c" -mcpu=cortex-m4 -std=gnu11 -g3 -DDEBUG -DUSE_HAL_DRIVER -DSTM32F411xE -c -I../Core/Inc -I../Drivers/STM32F4xx_HAL_Driver/Inc -I../Drivers/STM32F4xx_HAL_Driver/Inc/Legacy -I../Drivers/CMSIS/Device/ST/STM32F4xx/Include -I../Drivers/CMSIS/Include -O0 -ffunction-sections -fdata-sections -Wall -fstack-usage -fcyclomatic-complexity -MMD -MP -MF"Drivers/STM32F4xx_HAL_Driver/Src/stm32f4xx_hal_dma.d" -MT"Drivers/STM32F4xx_HAL_Driver/Src/stm32f4xx_hal_dma.o" --specs=nano.specs -mfpu=fpv4-sp-d16 -mfloat-abi=hard -mthumb -o "Drivers/STM32F4xx_HAL_Driver/Src/stm32f4xx_hal_dma.o"
arm-none-eabi-gcc "../Drivers/STM32F4xx_HAL_Driver/Src/stm32f4xx_hal_dma_ex.c" -mcpu=cortex-m4 -std=gnu11 -g3 -DDEBUG -DUSE_HAL_DRIVER -DSTM32F411xE -c -I../Core/Inc -I../Drivers/STM32F4xx_HAL_Driver/Inc -I../Drivers/STM32F4xx_HAL_Driver/Inc/Legacy -I../Drivers/CMSIS/Device/ST/STM32F4xx/Include -I../Drivers/CMSIS/Include -O0 -ffunction-sections -fdata-sections -Wall -fstack-usage -fcyclomatic-complexity -MMD -MP -MF"Drivers/STM32F4xx_HAL_Driver/Src/stm32f4xx_hal_dma_ex.d" -MT"Drivers/STM32F4xx_HAL_Driver/Src/stm32f4xx_hal_dma_ex.o" --specs=nano.specs -mfpu=fpv4-sp-d16 -mfloat-abi=hard -mthumb -o "Drivers/STM32F4xx_HAL_Driver/Src/stm32f4xx_hal_dma_ex.o"
arm-none-eabi-gcc "../Drivers/STM32F4xx_HAL_Driver/Src/stm32f4xx_hal_exti.c" -mcpu=cortex-m4 -std=gnu11 -g3 -DDEBUG -DUSE_HAL_DRIVER -DSTM32F411xE -c -I../Core/Inc -I../Drivers/STM32F4xx_HAL_Driver/Inc -I../Drivers/STM32F4xx_HAL_Driver/Inc/Legacy -I../Drivers/CMSIS/Device/ST/STM32F4xx/Include -I../Drivers/CMSIS/Include -O0 -ffunction-sections -fdata-sections -Wall -fstack-usage -fcyclomatic-complexity -MMD -MP -MF"Drivers/STM32F4xx_HAL_Driver/Src/stm32f4xx_hal_exti.d" -MT"Drivers/STM32F4xx_HAL_Driver/Src/stm32f4xx_hal_exti.o" --specs=nano.specs -mfpu=fpv4-sp-d16 -mfloat-abi=hard -mthumb -o "Drivers/STM32F4xx_HAL_Driver/Src/stm32f4xx_hal_exti.o"
arm-none-eabi-gcc "../Drivers/STM32F4xx_HAL_Driver/Src/stm32f4xx_hal_flash.c" -mcpu=cortex-m4 -std=gnu11 -g3 -DDEBUG -DUSE_HAL_DRIVER -DSTM32F411xE -c -I../Core/Inc -I../Drivers/STM32F4xx_HAL_Driver/Inc -I../Drivers/STM32F4xx_HAL_Driver/Inc/Legacy -I../Drivers/CMSIS/Device/ST/STM32F4xx/Include -I../Drivers/CMSIS/Include -O0 -ffunction-sections -fdata-sections -Wall -fstack-usage -fcyclomatic-complexity -MMD -MP -MF"Drivers/STM32F4xx_HAL_Driver/Src/stm32f4xx_hal_flash.d" -MT"Drivers/STM32F4xx_HAL_Driver/Src/stm32f4xx_hal_flash.o" --specs=nano.specs -mfpu=fpv4-sp-d16 -mfloat-abi=hard -mthumb -o "Drivers/STM32F4xx_HAL_Driver/Src/stm32f4xx_hal_flash.o"
arm-none-eabi-gcc "../Drivers/STM32F4xx_HAL_Driver/Src/stm32f4xx_hal_flash_ex.c" -mcpu=cortex-m4 -std=gnu11 -g3 -DDEBUG -DUSE_HAL_DRIVER -DSTM32F411xE -c -I../Core/Inc -I../Drivers/STM32F4xx_HAL_Driver/Inc -I../Drivers/STM32F4xx_HAL_Driver/Inc/Legacy -I../Drivers/CMSIS/Device/ST/STM32F4xx/Include -I../Drivers/CMSIS/Include -O0 -ffunction-sections -fdata-sections -Wall -fstack-usage -fcyclomatic-complexity -MMD -MP -MF"Drivers/STM32F4xx_HAL_Driver/Src/stm32f4xx_hal_flash_ex.d" -MT"Drivers/STM32F4xx_HAL_Driver/Src/stm32f4xx_hal_flash_ex.o" --specs=nano.specs -mfpu=fpv4-sp-d16 -mfloat-abi=hard -mthumb -o "Drivers/STM32F4xx_HAL_Driver/Src/stm32f4xx_hal_flash_ex.o"
arm-none-eabi-gcc "../Drivers/STM32F4xx_HAL_Driver/Src/stm32f4xx_hal_flash_ramfunc.c" -mcpu=cortex-m4 -std=gnu11 -g3 -DDEBUG -DUSE_HAL_DRIVER -DSTM32F411xE -c -I../Core/Inc -I../Drivers/STM32F4xx_HAL_Driver/Inc -I../Drivers/STM32F4xx_HAL_Driver/Inc/Legacy -I../Drivers/CMSIS/Device/ST/STM32F4xx/Include -I../Drivers/CMSIS/Include -O0 -ffunction-sections -fdata-sections -Wall -fstack-usage -fcyclomatic-complexity -MMD -MP -MF"Drivers/STM32F4xx_HAL_Driver/Src/stm32f4xx_hal_flash_ramfunc.d" -MT"Drivers/STM32F4xx_HAL_Driver/Src/stm32f4xx_hal_flash_ramfunc.o" --specs=nano.specs -mfpu=fpv4-sp-d16 -mfloat-abi=hard -mthumb -o "Drivers/STM32F4xx_HAL_Driver/Src/stm32f4xx_hal_flash_ramfunc.o"
arm-none-eabi-gcc "../Drivers/STM32F4xx_HAL_Driver/Src/stm32f4xx_hal_gpio.c" -mcpu=cortex-m4 -std=gnu11 -g3 -DDEBUG -DUSE_HAL_DRIVER -DSTM32F411xE -c -I../Core/Inc -I../Drivers/STM32F4xx_HAL_Driver/Inc -I../Drivers/STM32F4xx_HAL_Driver/Inc/Legacy -I../Drivers/CMSIS/Device/ST/STM32F4xx/Include -I../Drivers/CMSIS/Include -O0 -ffunction-sections -fdata-sections -Wall -fstack-usage -fcyclomatic-complexity -MMD -MP -MF"Drivers/STM32F4xx_HAL_Driver/Src/stm32f4xx_hal_gpio.d" -MT"Drivers/STM32F4xx_HAL_Driver/Src/stm32f4xx_hal_gpio.o" --specs=nano.specs -mfpu=fpv4-sp-d16 -mfloat-abi=hard -mthumb -o "Drivers/STM32F4xx_HAL_Driver/Src/stm32f4xx_hal_gpio.o"
arm-none-eabi-gcc "../Drivers/STM32F4xx_HAL_Driver/Src/stm32f4xx_hal_i2c.c" -mcpu=cortex-m4 -std=gnu11 -g3 -DDEBUG -DUSE_HAL_DRIVER -DSTM32F411xE -c -I../Core/Inc -I../Drivers/STM32F4xx_HAL_Driver/Inc -I../Drivers/STM32F4xx_HAL_Driver/Inc/Legacy -I../Drivers/CMSIS/Device/ST/STM32F4xx/Include -I../Drivers/CMSIS/Include -O0 -ffunction-sections -fdata-sections -Wall -fstack-usage -fcyclomatic-complexity -MMD -MP -MF"Drivers/STM32F4xx_HAL_Driver/Src/stm32f4xx_hal_i2c.d" -MT"Drivers/STM32F4xx_HAL_Driver/Src/stm32f4xx_hal_i2c.o" --specs=nano.specs -mfpu=fpv4-sp-d16 -mfloat-abi=hard -mthumb -o "Drivers/STM32F4xx_HAL_Driver/Src/stm32f4xx_hal_i2c.o"
arm-none-eabi-gcc "../Drivers/STM32F4xx_HAL_Driver/Src/stm32f4xx_hal_i2c_ex.c" -mcpu=cortex-m4 -std=gnu11 -g3 -DDEBUG -DUSE_HAL_DRIVER -DSTM32F411xE -c -I../Core/Inc -I../Drivers/STM32F4xx_HAL_Driver/Inc -I../Drivers/STM32F4xx_HAL_Driver/Inc/Legacy -I../Drivers/CMSIS/Device/ST/STM32F4xx/Include -I../Drivers/CMSIS/Include -O0 -ffunction-sections -fdata-sections -Wall -fstack-usage -fcyclomatic-complexity -MMD -MP -MF"Drivers/STM32F4xx_HAL_Driver/Src/stm32f4xx_hal_i2c_ex.d" -MT"Drivers/STM32F4xx_HAL_Driver/Src/stm32f4xx_hal_i2c_ex.o" --specs=nano.specs -mfpu=fpv4-sp-d16 -mfloat-abi=hard -mthumb -o "Drivers/STM32F4xx_HAL_Driver/Src/stm32f4xx_hal_i2c_ex.o"
arm-none-eabi-gcc "../Drivers/STM32F4xx_HAL_Driver/Src/stm32f4xx_hal_pwr.c" -mcpu=cortex-m4 -std=gnu11 -g3 -DDEBUG -DUSE_HAL_DRIVER -DSTM32F411xE -c -I../Core/Inc -I../Drivers/STM32F4xx_HAL_Driver/Inc -I../Drivers/STM32F4xx_HAL_Driver/Inc/Legacy -I../Drivers/CMSIS/Device/ST/STM32F4xx/Include -I../Drivers/CMSIS/Include -O0 -ffunction-sections -fdata-sections -Wall -fstack-usage -fcyclomatic-complexity -MMD -MP -MF"Drivers/STM32F4xx_HAL_Driver/Src/stm32f4xx_hal_pwr.d" -MT"Drivers/STM32F4xx_HAL_Driver/Src/stm32f4xx_hal_pwr.o" --specs=nano.specs -mfpu=fpv4-sp-d16 -mfloat-abi=hard -mthumb -o "Drivers/STM32F4xx_HAL_Driver/Src/stm32f4xx_hal_pwr.o"
arm-none-eabi-gcc "../Drivers/STM32F4xx_HAL_Driver/Src/stm32f4xx_hal_pwr_ex.c" -mcpu=cortex-m4 -std=gnu11 -g3 -DDEBUG -DUSE_HAL_DRIVER -DSTM32F411xE -c -I../Core/Inc -I../Drivers/STM32F4xx_HAL_Driver/Inc -I../Drivers/STM32F4xx_HAL_Driver/Inc/Legacy -I../Drivers/CMSIS/Device/ST/STM32F4xx/Include -I../Drivers/CMSIS/Include -O0 -ffunction-sections -fdata-sections -Wall -fstack-usage -fcyclomatic-complexity -MMD -MP -MF"Drivers/STM32F4xx_HAL_Driver/Src/stm32f4xx_hal_pwr_ex.d" -MT"Drivers/STM32F4xx_HAL_Driver/Src/stm32f4xx_hal_pwr_ex.o" --specs=nano.specs -mfpu=fpv4-sp-d16 -mfloat-abi=hard -mthumb -o "Drivers/STM32F4xx_HAL_Driver/Src/stm32f4xx_hal_pwr_ex.o"
arm-none-eabi-gcc "../Drivers/STM32F4xx_HAL_Driver/Src/stm32f4xx_hal_rcc.c" -mcpu=cortex-m4 -std=gnu11 -g3 -DDEBUG -DUSE_HAL_DRIVER -DSTM32F411xE -c -I../Core/Inc -I../Drivers/STM32F4xx_HAL_Driver/Inc -I../Drivers/STM32F4xx_HAL_Driver/Inc/Legacy -I../Drivers/CMSIS/Device/ST/STM32F4xx/Include -I../Drivers/CMSIS/Include -O0 -ffunction-sections -fdata-sections -Wall -fstack-usage -fcyclomatic-complexity -MMD -MP -MF"Drivers/STM32F4xx_HAL_Driver/Src/stm32f4xx_hal_rcc.d" -MT"Drivers/STM32F4xx_HAL_Driver/Src/stm32f4xx_hal_rcc.o" --specs=nano.specs -mfpu=fpv4-sp-d16 -mfloat-abi=hard -mthumb -o "Drivers/STM32F4xx_HAL_Driver/Src/stm32f4xx_hal_rcc.o"
arm-none-eabi-gcc "../Drivers/STM32F4xx_HAL_Driver/Src/stm32f4xx_hal_rcc_ex.c" -mcpu=cortex-m4 -std=gnu11 -g3 -DDEBUG -DUSE_HAL_DRIVER -DSTM32F411xE -c -I../Core/Inc -I../Drivers/STM32F4xx_HAL_Driver/Inc -I../Drivers/STM32F4xx_HAL_Driver/Inc/Legacy -I../Drivers/CMSIS/Device/ST/STM32F4xx/Include -I../Drivers/CMSIS/Include -O0 -ffunction-sections -fdata-sections -Wall -fstack-usage -fcyclomatic-complexity -MMD -MP -MF"Drivers/STM32F4xx_HAL_Driver/Src/stm32f4xx_hal_rcc_ex.d" -MT"Drivers/STM32F4xx_HAL_Driver/Src/stm32f4xx_hal_rcc_ex.o" --specs=nano.specs -mfpu=fpv4-sp-d16 -mfloat-abi=hard -mthumb -o "Drivers/STM32F4xx_HAL_Driver/Src/stm32f4xx_hal_rcc_ex.o"
arm-none-eabi-gcc "../Drivers/STM32F4xx_HAL_Driver/Src/stm32f4xx_hal_tim.c" -mcpu=cortex-m4 -std=gnu11 -g3 -DDEBUG -DUSE_HAL_DRIVER -DSTM32F411xE -c -I../Core/Inc -I../Drivers/STM32F4xx_HAL_Driver/Inc -I../Drivers/STM32F4xx_HAL_Driver/Inc/Legacy -I../Drivers/CMSIS/Device/ST/STM32F4xx/Include -I../Drivers/CMSIS/Include -O0 -ffunction-sections -fdata-sections -Wall -fstack-usage -fcyclomatic-complexity -MMD -MP -MF"Drivers/STM32F4xx_HAL_Driver/Src/stm32f4xx_hal_tim.d" -MT"Drivers/STM32F4xx_HAL_Driver/Src/stm32f4xx_hal_tim.o" --specs=nano.specs -mfpu=fpv4-sp-d16 -mfloat-abi=hard -mthumb -o "Drivers/STM32F4xx_HAL_Driver/Src/stm32f4xx_hal_tim.o"
arm-none-eabi-gcc "../Drivers/STM32F4xx_HAL_Driver/Src/stm32f4xx_hal_tim_ex.c" -mcpu=cortex-m4 -std=gnu11 -g3 -DDEBUG -DUSE_HAL_DRIVER -DSTM32F411xE -c -I../Core/Inc -I../Drivers/STM32F4xx_HAL_Driver/Inc -I../Drivers/STM32F4xx_HAL_Driver/Inc/Legacy -I../Drivers/CMSIS/Device/ST/STM32F4xx/Include -I../Drivers/CMSIS/Include -O0 -ffunction-sections -fdata-sections -Wall -fstack-usage -fcyclomatic-complexity -MMD -MP -MF"Drivers/STM32F4xx_HAL_Driver/Src/stm32f4xx_hal_tim_ex.d" -MT"Drivers/STM32F4xx_HAL_Driver/Src/stm32f4xx_hal_tim_ex.o" --specs=nano.specs -mfpu=fpv4-sp-d16 -mfloat-abi=hard -mthumb -o "Drivers/STM32F4xx_HAL_Driver/Src/stm32f4xx_hal_tim_ex.o"
arm-none-eabi-gcc "../Core/Src/usr/J3_PN532.c" -mcpu=cortex-m4 -std=gnu11 -g3 -DDEBUG -DUSE_HAL_DRIVER -DSTM32F411xE -c -I../Core/Inc -I../Drivers/STM32F4xx_HAL_Driver/Inc -I../Drivers/STM32F4xx_HAL_Driver/Inc/Legacy -I../Drivers/CMSIS/Device/ST/STM32F4xx/Include -I../Drivers/CMSIS/Include -O0 -ffunction-sections -fdata-sections -Wall -fstack-usage -fcyclomatic-complexity -MMD -MP -MF"Core/Src/usr/J3_PN532.d" -MT"Core/Src/usr/J3_PN532.o" --specs=nano.specs -mfpu=fpv4-sp-d16 -mfloat-abi=hard -mthumb -o "Core/Src/usr/J3_PN532.o"
arm-none-eabi-gcc "../Core/Src/usr/main_PN532.c" -mcpu=cortex-m4 -std=gnu11 -g3 -DDEBUG -DUSE_HAL_DRIVER -DSTM32F411xE -c -I../Core/Inc -I../Drivers/STM32F4xx_HAL_Driver/Inc -I../Drivers/STM32F4xx_HAL_Driver/Inc/Legacy -I../Drivers/CMSIS/Device/ST/STM32F4xx/Include -I../Drivers/CMSIS/Include -O0 -ffunction-sections -fdata-sections -Wall -fstack-usage -fcyclomatic-complexity -MMD -MP -MF"Core/Src/usr/main_PN532.d" -MT"Core/Src/usr/main_PN532.o" --specs=nano.specs -mfpu=fpv4-sp-d16 -mfloat-abi=hard -mthumb -o "Core/Src/usr/main_PN532.o"
arm-none-eabi-gcc "../Core/Src/gpio.c" -mcpu=cortex-m4 -std=gnu11 -g3 -DDEBUG -DUSE_HAL_DRIVER -DSTM32F411xE -c -I../Core/Inc -I../Drivers/STM32F4xx_HAL_Driver/Inc -I../Drivers/STM32F4xx_HAL_Driver/Inc/Legacy -I../Drivers/CMSIS/Device/ST/STM32F4xx/Include -I../Drivers/CMSIS/Include -O0 -ffunction-sections -fdata-sections -Wall -fstack-usage -fcyclomatic-complexity -MMD -MP -MF"Core/Src/gpio.d" -MT"Core/Src/gpio.o" --specs=nano.specs -mfpu=fpv4-sp-d16 -mfloat-abi=hard -mthumb -o "Core/Src/gpio.o"
arm-none-eabi-gcc "../Core/Src/i2c.c" -mcpu=cortex-m4 -std=gnu11 -g3 -DDEBUG -DUSE_HAL_DRIVER -DSTM32F411xE -c -I../Core/Inc -I../Drivers/STM32F4xx_HAL_Driver/Inc -I../Drivers/STM32F4xx_HAL_Driver/Inc/Legacy -I../Drivers/CMSIS/Device/ST/STM32F4xx/Include -I../Drivers/CMSIS/Include -O0 -ffunction-sections -fdata-sections -Wall -fstack-usage -fcyclomatic-complexity -MMD -MP -MF"Core/Src/i2c.d" -MT"Core/Src/i2c.o" --specs=nano.specs -mfpu=fpv4-sp-d16 -mfloat-abi=hard -mthumb -o "Core/Src/i2c.o"
arm-none-eabi-gcc "../Core/Src/main.c" -mcpu=cortex-m4 -std=gnu11 -g3 -DDEBUG -DUSE_HAL_DRIVER -DSTM32F411xE -c -I../Core/Inc -I../Drivers/STM32F4xx_HAL_Driver/Inc -I../Drivers/STM32F4xx_HAL_Driver/Inc/Legacy -I../Drivers/CMSIS/Device/ST/STM32F4xx/Include -I../Drivers/CMSIS/Include -O0 -ffunction-sections -fdata-sections -Wall -fstack-usage -fcyclomatic-complexity -MMD -MP -MF"Core/Src/main.d" -MT"Core/Src/main.o" --specs=nano.specs -mfpu=fpv4-sp-d16 -mfloat-abi=hard -mthumb -o "Core/Src/main.o"
arm-none-eabi-gcc "../Core/Src/stm32f4xx_hal_msp.c" -mcpu=cortex-m4 -std=gnu11 -g3 -DDEBUG -DUSE_HAL_DRIVER -DSTM32F411xE -c -I../Core/Inc -I../Drivers/STM32F4xx_HAL_Driver/Inc -I../Drivers/STM32F4xx_HAL_Driver/Inc/Legacy -I../Drivers/CMSIS/Device/ST/STM32F4xx/Include -I../Drivers/CMSIS/Include -O0 -ffunction-sections -fdata-sections -Wall -fstack-usage -fcyclomatic-complexity -MMD -MP -MF"Core/Src/stm32f4xx_hal_msp.d" -MT"Core/Src/stm32f4xx_hal_msp.o" --specs=nano.specs -mfpu=fpv4-sp-d16 -mfloat-abi=hard -mthumb -o "Core/Src/stm32f4xx_hal_msp.o"
../Core/Src/usr/J3_PN532.c: In function 'J3_PN532_new':
../Core/Src/usr/J3_PN532.c:15:14: warning: implicit declaration of function 'malloc' [-Wimplicit-function-declaration]
   15 |   auxPN532 = malloc(sizeof(TOLED));
      |              ^~~~~~
../Core/Src/usr/J3_PN532.c:8:1: note: include '<stdlib.h>' or provide a declaration of 'malloc'
    7 | #include "usr/J3_PN532.h"
  +++ |+#include <stdlib.h>
    8 | 
../Core/Src/usr/J3_PN532.c:15:14: warning: incompatible implicit declaration of built-in function 'malloc' [-Wbuiltin-declaration-mismatch]
   15 |   auxPN532 = malloc(sizeof(TOLED));
      |              ^~~~~~
../Core/Src/usr/J3_PN532.c:15:14: note: include '<stdlib.h>' or provide a declaration of 'malloc'
../Core/Src/usr/J3_PN532.c:15:28: error: 'TOLED' undeclared (first use in this function)
   15 |   auxPN532 = malloc(sizeof(TOLED));
      |                            ^~~~~
../Core/Src/usr/J3_PN532.c:15:28: note: each undeclared identifier is reported only once for each function it appears in
../Core/Src/usr/J3_PN532.c:18:11: error: 'TPN532' has no member named 'buffer'
   18 |   auxPN532->buffer = malloc(128 * 8 * sizeof(uint8_t));
      |           ^~
../Core/Src/usr/J3_PN532.c:19:3: warning: implicit declaration of function 'memset' [-Wimplicit-function-declaration]
   19 |   memset(auxPN532->buffer, 0x00, 128 * 8 * sizeof(uint8_t));
      |   ^~~~~~
../Core/Src/usr/J3_PN532.c:8:1: note: include '<string.h>' or provide a declaration of 'memset'
    7 | #include "usr/J3_PN532.h"
  +++ |+#include <string.h>
    8 | 
../Core/Src/usr/J3_PN532.c:19:3: warning: incompatible implicit declaration of built-in function 'memset' [-Wbuiltin-declaration-mismatch]
   19 |   memset(auxPN532->buffer, 0x00, 128 * 8 * sizeof(uint8_t));
      |   ^~~~~~
../Core/Src/usr/J3_PN532.c:19:3: note: include '<string.h>' or provide a declaration of 'memset'
../Core/Src/usr/J3_PN532.c:19:18: error: 'TPN532' has no member named 'buffer'
   19 |   memset(auxPN532->buffer, 0x00, 128 * 8 * sizeof(uint8_t));
      |                  ^~
../Core/Src/usr/J3_PN532.c: At top level:
../Core/Src/usr/J3_PN532.c:27:1: error: expected identifier or '(' before '}' token
   27 | }
      | ^
make: *** [Core/Src/usr/subdir.mk:22: Core/Src/usr/J3_PN532.o] Error 1
make: *** Waiting for unfinished jobs....
"make -j8 all" terminated with exit code 2. Build might be incomplete.
01:29:25 **** Incremental Build of configuration Debug for project PN532 ****
make -j8 all 
arm-none-eabi-gcc "../Core/Src/usr/J3_PN532.c" -mcpu=cortex-m4 -std=gnu11 -g3 -DDEBUG -DUSE_HAL_DRIVER -DSTM32F411xE -c -I../Core/Inc -I../Drivers/STM32F4xx_HAL_Driver/Inc -I../Drivers/STM32F4xx_HAL_Driver/Inc/Legacy -I../Drivers/CMSIS/Device/ST/STM32F4xx/Include -I../Drivers/CMSIS/Include -O0 -ffunction-sections -fdata-sections -Wall -fstack-usage -fcyclomatic-complexity -MMD -MP -MF"Core/Src/usr/J3_PN532.d" -MT"Core/Src/usr/J3_PN532.o" --specs=nano.specs -mfpu=fpv4-sp-d16 -mfloat-abi=hard -mthumb -o "Core/Src/usr/J3_PN532.o"
arm-none-eabi-gcc "../Core/Src/stm32f4xx_it.c" -mcpu=cortex-m4 -std=gnu11 -g3 -DDEBUG -DUSE_HAL_DRIVER -DSTM32F411xE -c -I../Core/Inc -I../Drivers/STM32F4xx_HAL_Driver/Inc -I../Drivers/STM32F4xx_HAL_Driver/Inc/Legacy -I../Drivers/CMSIS/Device/ST/STM32F4xx/Include -I../Drivers/CMSIS/Include -O0 -ffunction-sections -fdata-sections -Wall -fstack-usage -fcyclomatic-complexity -MMD -MP -MF"Core/Src/stm32f4xx_it.d" -MT"Core/Src/stm32f4xx_it.o" --specs=nano.specs -mfpu=fpv4-sp-d16 -mfloat-abi=hard -mthumb -o "Core/Src/stm32f4xx_it.o"
arm-none-eabi-gcc "../Core/Src/syscalls.c" -mcpu=cortex-m4 -std=gnu11 -g3 -DDEBUG -DUSE_HAL_DRIVER -DSTM32F411xE -c -I../Core/Inc -I../Drivers/STM32F4xx_HAL_Driver/Inc -I../Drivers/STM32F4xx_HAL_Driver/Inc/Legacy -I../Drivers/CMSIS/Device/ST/STM32F4xx/Include -I../Drivers/CMSIS/Include -O0 -ffunction-sections -fdata-sections -Wall -fstack-usage -fcyclomatic-complexity -MMD -MP -MF"Core/Src/syscalls.d" -MT"Core/Src/syscalls.o" --specs=nano.specs -mfpu=fpv4-sp-d16 -mfloat-abi=hard -mthumb -o "Core/Src/syscalls.o"
arm-none-eabi-gcc "../Core/Src/sysmem.c" -mcpu=cortex-m4 -std=gnu11 -g3 -DDEBUG -DUSE_HAL_DRIVER -DSTM32F411xE -c -I../Core/Inc -I../Drivers/STM32F4xx_HAL_Driver/Inc -I../Drivers/STM32F4xx_HAL_Driver/Inc/Legacy -I../Drivers/CMSIS/Device/ST/STM32F4xx/Include -I../Drivers/CMSIS/Include -O0 -ffunction-sections -fdata-sections -Wall -fstack-usage -fcyclomatic-complexity -MMD -MP -MF"Core/Src/sysmem.d" -MT"Core/Src/sysmem.o" --specs=nano.specs -mfpu=fpv4-sp-d16 -mfloat-abi=hard -mthumb -o "Core/Src/sysmem.o"
arm-none-eabi-gcc "../Core/Src/system_stm32f4xx.c" -mcpu=cortex-m4 -std=gnu11 -g3 -DDEBUG -DUSE_HAL_DRIVER -DSTM32F411xE -c -I../Core/Inc -I../Drivers/STM32F4xx_HAL_Driver/Inc -I../Drivers/STM32F4xx_HAL_Driver/Inc/Legacy -I../Drivers/CMSIS/Device/ST/STM32F4xx/Include -I../Drivers/CMSIS/Include -O0 -ffunction-sections -fdata-sections -Wall -fstack-usage -fcyclomatic-complexity -MMD -MP -MF"Core/Src/system_stm32f4xx.d" -MT"Core/Src/system_stm32f4xx.o" --specs=nano.specs -mfpu=fpv4-sp-d16 -mfloat-abi=hard -mthumb -o "Core/Src/system_stm32f4xx.o"
../Core/Src/usr/J3_PN532.c: In function 'J3_PN532_new':
../Core/Src/usr/J3_PN532.c:16:14: warning: implicit declaration of function 'malloc' [-Wimplicit-function-declaration]
   16 |   auxPN532 = malloc(sizeof(TOLED));
      |              ^~~~~~
../Core/Src/usr/J3_PN532.c:9:1: note: include '<stdlib.h>' or provide a declaration of 'malloc'
    8 | #include <stdio.h>
  +++ |+#include <stdlib.h>
    9 | 
../Core/Src/usr/J3_PN532.c:16:14: warning: incompatible implicit declaration of built-in function 'malloc' [-Wbuiltin-declaration-mismatch]
   16 |   auxPN532 = malloc(sizeof(TOLED));
      |              ^~~~~~
../Core/Src/usr/J3_PN532.c:16:14: note: include '<stdlib.h>' or provide a declaration of 'malloc'
../Core/Src/usr/J3_PN532.c:16:28: error: 'TOLED' undeclared (first use in this function)
   16 |   auxPN532 = malloc(sizeof(TOLED));
      |                            ^~~~~
../Core/Src/usr/J3_PN532.c:16:28: note: each undeclared identifier is reported only once for each function it appears in
../Core/Src/usr/J3_PN532.c:19:11: error: 'TPN532' has no member named 'buffer'
   19 |   auxPN532->buffer = malloc(128 * 8 * sizeof(uint8_t));
      |           ^~
../Core/Src/usr/J3_PN532.c:20:3: warning: implicit declaration of function 'memset' [-Wimplicit-function-declaration]
   20 |   memset(auxPN532->buffer, 0x00, 128 * 8 * sizeof(uint8_t));
      |   ^~~~~~
../Core/Src/usr/J3_PN532.c:9:1: note: include '<string.h>' or provide a declaration of 'memset'
    8 | #include <stdio.h>
  +++ |+#include <string.h>
    9 | 
../Core/Src/usr/J3_PN532.c:20:3: warning: incompatible implicit declaration of built-in function 'memset' [-Wbuiltin-declaration-mismatch]
   20 |   memset(auxPN532->buffer, 0x00, 128 * 8 * sizeof(uint8_t));
      |   ^~~~~~
../Core/Src/usr/J3_PN532.c:20:3: note: include '<string.h>' or provide a declaration of 'memset'
../Core/Src/usr/J3_PN532.c:20:18: error: 'TPN532' has no member named 'buffer'
   20 |   memset(auxPN532->buffer, 0x00, 128 * 8 * sizeof(uint8_t));
      |                  ^~
../Core/Src/usr/J3_PN532.c: At top level:
../Core/Src/usr/J3_PN532.c:28:1: error: expected identifier or '(' before '}' token
   28 | }
      | ^
make: *** [Core/Src/usr/subdir.mk:22: Core/Src/usr/J3_PN532.o] Error 1
make: *** Waiting for unfinished jobs....
"make -j8 all" terminated with exit code 2. Build might be incomplete.
01:36:36 **** Incremental Build of configuration Debug for project PN532 ****
make -j8 all 
arm-none-eabi-gcc "../Core/Src/usr/J3_PN532.c" -mcpu=cortex-m4 -std=gnu11 -g3 -DDEBUG -DUSE_HAL_DRIVER -DSTM32F411xE -c -I../Core/Inc -I../Drivers/STM32F4xx_HAL_Driver/Inc -I../Drivers/STM32F4xx_HAL_Driver/Inc/Legacy -I../Drivers/CMSIS/Device/ST/STM32F4xx/Include -I../Drivers/CMSIS/Include -O0 -ffunction-sections -fdata-sections -Wall -fstack-usage -fcyclomatic-complexity -MMD -MP -MF"Core/Src/usr/J3_PN532.d" -MT"Core/Src/usr/J3_PN532.o" --specs=nano.specs -mfpu=fpv4-sp-d16 -mfloat-abi=hard -mthumb -o "Core/Src/usr/J3_PN532.o"
../Core/Src/usr/J3_PN532.c: In function 'J3_PN532_new':
../Core/Src/usr/J3_PN532.c:17:14: warning: implicit declaration of function 'malloc' [-Wimplicit-function-declaration]
   17 |   auxPN532 = malloc(sizeof(TOLED));
      |              ^~~~~~
../Core/Src/usr/J3_PN532.c:9:1: note: include '<stdlib.h>' or provide a declaration of 'malloc'
    8 | #include <stdio.h>
  +++ |+#include <stdlib.h>
    9 | #include <stdio.h>
../Core/Src/usr/J3_PN532.c:17:14: warning: incompatible implicit declaration of built-in function 'malloc' [-Wbuiltin-declaration-mismatch]
   17 |   auxPN532 = malloc(sizeof(TOLED));
      |              ^~~~~~
../Core/Src/usr/J3_PN532.c:17:14: note: include '<stdlib.h>' or provide a declaration of 'malloc'
../Core/Src/usr/J3_PN532.c:17:28: error: 'TOLED' undeclared (first use in this function)
   17 |   auxPN532 = malloc(sizeof(TOLED));
      |                            ^~~~~
../Core/Src/usr/J3_PN532.c:17:28: note: each undeclared identifier is reported only once for each function it appears in
../Core/Src/usr/J3_PN532.c:20:11: error: 'TPN532' has no member named 'buffer'
   20 |   auxPN532->buffer = malloc(128 * 8 * sizeof(uint8_t));
      |           ^~
../Core/Src/usr/J3_PN532.c:21:3: warning: implicit declaration of function 'memset' [-Wimplicit-function-declaration]
   21 |   memset(auxPN532->buffer, 0x00, 128 * 8 * sizeof(uint8_t));
      |   ^~~~~~
../Core/Src/usr/J3_PN532.c:9:1: note: include '<string.h>' or provide a declaration of 'memset'
    8 | #include <stdio.h>
  +++ |+#include <string.h>
    9 | #include <stdio.h>
../Core/Src/usr/J3_PN532.c:21:3: warning: incompatible implicit declaration of built-in function 'memset' [-Wbuiltin-declaration-mismatch]
   21 |   memset(auxPN532->buffer, 0x00, 128 * 8 * sizeof(uint8_t));
      |   ^~~~~~
../Core/Src/usr/J3_PN532.c:21:3: note: include '<string.h>' or provide a declaration of 'memset'
../Core/Src/usr/J3_PN532.c:21:18: error: 'TPN532' has no member named 'buffer'
   21 |   memset(auxPN532->buffer, 0x00, 128 * 8 * sizeof(uint8_t));
      |                  ^~
../Core/Src/usr/J3_PN532.c: At top level:
../Core/Src/usr/J3_PN532.c:29:1: error: expected identifier or '(' before '}' token
   29 | }
      | ^
make: *** [Core/Src/usr/subdir.mk:22: Core/Src/usr/J3_PN532.o] Error 1
"make -j8 all" terminated with exit code 2. Build might be incomplete.
01:36:49 **** Incremental Build of configuration Debug for project PN532 ****
make -j8 all 
arm-none-eabi-gcc "../Core/Src/usr/J3_PN532.c" -mcpu=cortex-m4 -std=gnu11 -g3 -DDEBUG -DUSE_HAL_DRIVER -DSTM32F411xE -c -I../Core/Inc -I../Drivers/STM32F4xx_HAL_Driver/Inc -I../Drivers/STM32F4xx_HAL_Driver/Inc/Legacy -I../Drivers/CMSIS/Device/ST/STM32F4xx/Include -I../Drivers/CMSIS/Include -O0 -ffunction-sections -fdata-sections -Wall -fstack-usage -fcyclomatic-complexity -MMD -MP -MF"Core/Src/usr/J3_PN532.d" -MT"Core/Src/usr/J3_PN532.o" --specs=nano.specs -mfpu=fpv4-sp-d16 -mfloat-abi=hard -mthumb -o "Core/Src/usr/J3_PN532.o"
../Core/Src/usr/J3_PN532.c: In function 'J3_PN532_new':
../Core/Src/usr/J3_PN532.c:17:14: warning: implicit declaration of function 'malloc' [-Wimplicit-function-declaration]
   17 |   auxPN532 = malloc(sizeof(TOLED));
      |              ^~~~~~
../Core/Src/usr/J3_PN532.c:9:1: note: include '<stdlib.h>' or provide a declaration of 'malloc'
    8 | #include <stdio.h>
  +++ |+#include <stdlib.h>
    9 | #include <stdio.h>
../Core/Src/usr/J3_PN532.c:17:14: warning: incompatible implicit declaration of built-in function 'malloc' [-Wbuiltin-declaration-mismatch]
   17 |   auxPN532 = malloc(sizeof(TOLED));
      |              ^~~~~~
../Core/Src/usr/J3_PN532.c:17:14: note: include '<stdlib.h>' or provide a declaration of 'malloc'
../Core/Src/usr/J3_PN532.c:17:28: error: 'TOLED' undeclared (first use in this function)
   17 |   auxPN532 = malloc(sizeof(TOLED));
      |                            ^~~~~
../Core/Src/usr/J3_PN532.c:17:28: note: each undeclared identifier is reported only once for each function it appears in
../Core/Src/usr/J3_PN532.c:20:11: error: 'TPN532' has no member named 'buffer'
   20 |   auxPN532->buffer = malloc(128 * 8 * sizeof(uint8_t));
      |           ^~
../Core/Src/usr/J3_PN532.c:21:3: warning: implicit declaration of function 'memset' [-Wimplicit-function-declaration]
   21 |   memset(auxPN532->buffer, 0x00, 128 * 8 * sizeof(uint8_t));
      |   ^~~~~~
../Core/Src/usr/J3_PN532.c:9:1: note: include '<string.h>' or provide a declaration of 'memset'
    8 | #include <stdio.h>
  +++ |+#include <string.h>
    9 | #include <stdio.h>
../Core/Src/usr/J3_PN532.c:21:3: warning: incompatible implicit declaration of built-in function 'memset' [-Wbuiltin-declaration-mismatch]
   21 |   memset(auxPN532->buffer, 0x00, 128 * 8 * sizeof(uint8_t));
      |   ^~~~~~
../Core/Src/usr/J3_PN532.c:21:3: note: include '<string.h>' or provide a declaration of 'memset'
../Core/Src/usr/J3_PN532.c:21:18: error: 'TPN532' has no member named 'buffer'
   21 |   memset(auxPN532->buffer, 0x00, 128 * 8 * sizeof(uint8_t));
      |                  ^~
../Core/Src/usr/J3_PN532.c: At top level:
../Core/Src/usr/J3_PN532.c:29:1: error: expected identifier or '(' before '}' token
   29 | }
      | ^
make: *** [Core/Src/usr/subdir.mk:22: Core/Src/usr/J3_PN532.o] Error 1
"make -j8 all" terminated with exit code 2. Build might be incomplete.
01:37:26 **** Incremental Build of configuration Debug for project PN532 ****
make -j8 all 
arm-none-eabi-gcc "../Core/Src/usr/J3_PN532.c" -mcpu=cortex-m4 -std=gnu11 -g3 -DDEBUG -DUSE_HAL_DRIVER -DSTM32F411xE -c -I../Core/Inc -I../Drivers/STM32F4xx_HAL_Driver/Inc -I../Drivers/STM32F4xx_HAL_Driver/Inc/Legacy -I../Drivers/CMSIS/Device/ST/STM32F4xx/Include -I../Drivers/CMSIS/Include -O0 -ffunction-sections -fdata-sections -Wall -fstack-usage -fcyclomatic-complexity -MMD -MP -MF"Core/Src/usr/J3_PN532.d" -MT"Core/Src/usr/J3_PN532.o" --specs=nano.specs -mfpu=fpv4-sp-d16 -mfloat-abi=hard -mthumb -o "Core/Src/usr/J3_PN532.o"
../Core/Src/usr/J3_PN532.c: In function 'J3_PN532_new':
../Core/Src/usr/J3_PN532.c:17:14: warning: implicit declaration of function 'malloc' [-Wimplicit-function-declaration]
   17 |   auxPN532 = malloc(sizeof(TOLED));
      |              ^~~~~~
../Core/Src/usr/J3_PN532.c:9:1: note: include '<stdlib.h>' or provide a declaration of 'malloc'
    8 | #include <stdio.h>
  +++ |+#include <stdlib.h>
    9 | #include <stdio.h>
../Core/Src/usr/J3_PN532.c:17:14: warning: incompatible implicit declaration of built-in function 'malloc' [-Wbuiltin-declaration-mismatch]
   17 |   auxPN532 = malloc(sizeof(TOLED));
      |              ^~~~~~
../Core/Src/usr/J3_PN532.c:17:14: note: include '<stdlib.h>' or provide a declaration of 'malloc'
../Core/Src/usr/J3_PN532.c:17:28: error: 'TOLED' undeclared (first use in this function)
   17 |   auxPN532 = malloc(sizeof(TOLED));
      |                            ^~~~~
../Core/Src/usr/J3_PN532.c:17:28: note: each undeclared identifier is reported only once for each function it appears in
../Core/Src/usr/J3_PN532.c:21:3: warning: implicit declaration of function 'memset' [-Wimplicit-function-declaration]
   21 |   memset(auxPN532->buffer, 0x00, 128 * 8 * sizeof(uint8_t));
      |   ^~~~~~
../Core/Src/usr/J3_PN532.c:9:1: note: include '<string.h>' or provide a declaration of 'memset'
    8 | #include <stdio.h>
  +++ |+#include <string.h>
    9 | #include <stdio.h>
../Core/Src/usr/J3_PN532.c:21:3: warning: incompatible implicit declaration of built-in function 'memset' [-Wbuiltin-declaration-mismatch]
   21 |   memset(auxPN532->buffer, 0x00, 128 * 8 * sizeof(uint8_t));
      |   ^~~~~~
../Core/Src/usr/J3_PN532.c:21:3: note: include '<string.h>' or provide a declaration of 'memset'
../Core/Src/usr/J3_PN532.c: At top level:
../Core/Src/usr/J3_PN532.c:29:1: error: expected identifier or '(' before '}' token
   29 | }
      | ^
make: *** [Core/Src/usr/subdir.mk:22: Core/Src/usr/J3_PN532.o] Error 1
"make -j8 all" terminated with exit code 2. Build might be incomplete.
01:38:24 **** Incremental Build of configuration Debug for project PN532 ****
make -j8 all 
arm-none-eabi-gcc "../Core/Src/usr/J3_PN532.c" -mcpu=cortex-m4 -std=gnu11 -g3 -DDEBUG -DUSE_HAL_DRIVER -DSTM32F411xE -c -I../Core/Inc -I../Drivers/STM32F4xx_HAL_Driver/Inc -I../Drivers/STM32F4xx_HAL_Driver/Inc/Legacy -I../Drivers/CMSIS/Device/ST/STM32F4xx/Include -I../Drivers/CMSIS/Include -O0 -ffunction-sections -fdata-sections -Wall -fstack-usage -fcyclomatic-complexity -MMD -MP -MF"Core/Src/usr/J3_PN532.d" -MT"Core/Src/usr/J3_PN532.o" --specs=nano.specs -mfpu=fpv4-sp-d16 -mfloat-abi=hard -mthumb -o "Core/Src/usr/J3_PN532.o"
../Core/Src/usr/J3_PN532.c: In function 'J3_PN532_new':
../Core/Src/usr/J3_PN532.c:17:14: warning: implicit declaration of function 'malloc' [-Wimplicit-function-declaration]
   17 |   auxPN532 = malloc(sizeof(TOLED));
      |              ^~~~~~
../Core/Src/usr/J3_PN532.c:10:1: note: include '<stdlib.h>' or provide a declaration of 'malloc'
    9 | #include <string.h>
  +++ |+#include <stdlib.h>
   10 | 
../Core/Src/usr/J3_PN532.c:17:14: warning: incompatible implicit declaration of built-in function 'malloc' [-Wbuiltin-declaration-mismatch]
   17 |   auxPN532 = malloc(sizeof(TOLED));
      |              ^~~~~~
../Core/Src/usr/J3_PN532.c:17:14: note: include '<stdlib.h>' or provide a declaration of 'malloc'
../Core/Src/usr/J3_PN532.c:17:28: error: 'TOLED' undeclared (first use in this function)
[...]
arm-none-eabi-gcc -o "PN532.elf" @"objects.list"   -mcpu=cortex-m4 -T"C:\NelsonLima\Projetos\Github\lib_PN532\CubeIDE\PN532\STM32F411CEUX_FLASH.ld" --specs=nosys.specs -Wl,-Map="PN532.map" -Wl,--gc-sections -static --specs=nano.specs -mfpu=fpv4-sp-d16 -mfloat-abi=hard -mthumb -Wl,--start-group -lc -lm -Wl,--end-group
Finished building target: PN532.elf
 
arm-none-eabi-size  PN532.elf 
arm-none-eabi-objdump -h -S PN532.elf  > "PN532.list"
   text	   data	    bss	    dec	    hex	filename
  15856	    100	   1988	  17944	   4618	PN532.elf
Finished building: default.size.stdout
 
Finished building: PN532.list
 
05:35:21 **** Incremental Build of configuration Debug for project PN532 ****
make -j8 all 
arm-none-eabi-size  PN532.elf 
   text	   data	    bss	    dec	    hex	filename
  15856	    100	   1988	  17944	   4618	PN532.elf
Finished building: default.size.stdout
 
05:37:03 **** Incremental Build of configuration Debug for project PN532 ****
make -j8 all 
arm-none-eabi-gcc "../Core/Src/usr/J3_PN532.c" -mcpu=cortex-m4 -std=gnu11 -g3 -DDEBUG -DUSE_HAL_DRIVER -DSTM32F411xE -c -I../Core/Inc -I../Drivers/STM32F4xx_HAL_Driver/Inc -I../Drivers/STM32F4xx_HAL_Driver/Inc/Legacy -I../Drivers/CMSIS/Device/ST/STM32F4xx/Include -I../Drivers/CMSIS/Include -O0 -ffunction-sections -fdata-sections -Wall -fstack-usage -fcyclomatic-complexity -MMD -MP -MF"Core/Src/usr/J3_PN532.d" -MT"Core/Src/usr/J3_PN532.o" --specs=nano.specs -mfpu=fpv4-sp-d16 -mfloat-abi=hard -mthumb -o "Core/Src/usr/J3_PN532.o"
arm-none-eabi-gcc "../Core/Src/usr/main_PN532.c" -mcpu=cortex-m4 -std=gnu11 -g3 -DDEBUG -DUSE_HAL_DRIVER -DSTM32F411xE -c -I../Core/Inc -I../Drivers/STM32F4xx_HAL_Driver/Inc -I../Drivers/STM32F4xx_HAL_Driver/Inc/Legacy -I../Drivers/CMSIS/Device/ST/STM32F4xx/Include -I../Drivers/CMSIS/Include -O0 -ffunction-sections -fdata-sections -Wall -fstack-usage -fcyclomatic-complexity -MMD -MP -MF"Core/Src/usr/main_PN532.d" -MT"Core/Src/usr/main_PN532.o" --specs=nano.specs -mfpu=fpv4-sp-d16 -mfloat-abi=hard -mthumb -o "Core/Src/usr/main_PN532.o"
../Core/Src/usr/main_PN532.c: In function 'main_PN532':
../Core/Src/usr/main_PN532.c:50:28: warning: pointer targets in passing argument 2 of 'j3_PN532_GravaTag' differ in signedness [-Wpointer-sign]
   50 |   j3_PN532_GravaTag(pn532, "0x00", 1);
      |                            ^~~~~~
      |                            |
      |                            char *
In file included from ../Core/Src/usr/main_PN532.c:2:
../Core/Inc/usr/J3_PN532.h:32:52: note: expected 'uint8_t *' {aka 'unsigned char *'} but argument is of type 'char *'
   32 | uint8_t j3_PN532_GravaTag(TPN532 *_pn532, uint8_t *_msg, uint8_t _tam); /*  */
      |                                           ~~~~~~~~~^~~~
arm-none-eabi-gcc -o "PN532.elf" @"objects.list"   -mcpu=cortex-m4 -T"C:\NelsonLima\Projetos\Github\lib_PN532\CubeIDE\PN532\STM32F411CEUX_FLASH.ld" --specs=nosys.specs -Wl,-Map="PN532.map" -Wl,--gc-sections -static --specs=nano.specs -mfpu=fpv4-sp-d16 -mfloat-abi=hard -mthumb -Wl,--start-group -lc -lm -Wl,--end-group
Finished building target: PN532.elf
 
arm-none-eabi-size  PN532.elf 
arm-none-eabi-objdump -h -S PN532.elf  > "PN532.list"
   text	   data	    bss	    dec	    hex	filename
  15856	    100	   1988	  17944	   4618	PN532.elf
Finished building: default.size.stdout
 
Finished building: PN532.list
 
05:40:08 **** Incremental Build of configuration Debug for project PN532 ****
make -j8 all 
arm-none-eabi-gcc "../Core/Src/usr/main_PN532.c" -mcpu=cortex-m4 -std=gnu11 -g3 -DDEBUG -DUSE_HAL_DRIVER -DSTM32F411xE -c -I../Core/Inc -I../Drivers/STM32F4xx_HAL_Driver/Inc -I../Drivers/STM32F4xx_HAL_Driver/Inc/Legacy -I../Drivers/CMSIS/Device/ST/STM32F4xx/Include -I../Drivers/CMSIS/Include -O0 -ffunction-sections -fdata-sections -Wall -fstack-usage -fcyclomatic-complexity -MMD -MP -MF"Core/Src/usr/main_PN532.d" -MT"Core/Src/usr/main_PN532.o" --specs=nano.specs -mfpu=fpv4-sp-d16 -mfloat-abi=hard -mthumb -o "Core/Src/usr/main_PN532.o"
../Core/Src/usr/main_PN532.c: In function 'SendI2C':
../Core/Src/usr/main_PN532.c:16:45: warning: pointer targets in passing argument 3 of 'HAL_I2C_Master_Receive' differ in signedness [-Wpointer-sign]
   16 |   HAL_I2C_Master_Receive(&hi2c1, _endereco, rxBuffer, 4, 100);
      |                                             ^~~~~~~~
      |                                             |
      |                                             char *
In file included from ../Core/Inc/stm32f4xx_hal_conf.h:363,
                 from ../Drivers/STM32F4xx_HAL_Driver/Inc/stm32f4xx_hal.h:29,
                 from ../Core/Inc/main.h:30,
                 from ../Core/Inc/usr/main_PN532.h:10,
                 from ../Core/Src/usr/main_PN532.c:1:
../Drivers/STM32F4xx_HAL_Driver/Inc/stm32f4xx_hal_i2c.h:567:97: note: expected 'uint8_t *' {aka 'unsigned char *'} but argument is of type 'char *'
  567 | HAL_StatusTypeDef HAL_I2C_Master_Receive(I2C_HandleTypeDef *hi2c, uint16_t DevAddress, uint8_t *pData, uint16_t Size, uint32_t Timeout);
      |                                                                                        ~~~~~~~~~^~~~~
../Core/Src/usr/main_PN532.c: In function 'main_PN532':
../Core/Src/usr/main_PN532.c:54:28: warning: pointer targets in passing argument 2 of 'j3_PN532_GravaTag' differ in signedness [-Wpointer-sign]
   54 |   j3_PN532_GravaTag(pn532, "0x00", 1);
      |                            ^~~~~~
      |                            |
      |                            char *
In file included from ../Core/Src/usr/main_PN532.c:2:
../Core/Inc/usr/J3_PN532.h:32:52: note: expected 'uint8_t *' {aka 'unsigned char *'} but argument is of type 'char *'
   32 | uint8_t j3_PN532_GravaTag(TPN532 *_pn532, uint8_t *_msg, uint8_t _tam); /*  */
      |                                           ~~~~~~~~~^~~~
arm-none-eabi-gcc -o "PN532.elf" @"objects.list"   -mcpu=cortex-m4 -T"C:\NelsonLima\Projetos\Github\lib_PN532\CubeIDE\PN532\STM32F411CEUX_FLASH.ld" --specs=nosys.specs -Wl,-Map="PN532.map" -Wl,--gc-sections -static --specs=nano.specs -mfpu=fpv4-sp-d16 -mfloat-abi=hard -mthumb -Wl,--start-group -lc -lm -Wl,--end-group
Finished building target: PN532.elf
 
arm-none-eabi-size  PN532.elf 
arm-none-eabi-objdump -h -S PN532.elf  > "PN532.list"
   text	   data	    bss	    dec	    hex	filename
  17600	    100	   1988	  19688	   4ce8	PN532.elf
Finished building: default.size.stdout
 
Finished building: PN532.list
 
05:40:24 **** Incremental Build of configuration Debug for project PN532 ****
make -j8 all 
arm-none-eabi-size  PN532.elf 
   text	   data	    bss	    dec	    hex	filename
  17600	    100	   1988	  19688	   4ce8	PN532.elf
Finished building: default.size.stdout
 
05:41:14 **** Incremental Build of configuration Debug for project PN532 ****
make -j8 all 
arm-none-eabi-gcc "../Core/Src/usr/main_PN532.c" -mcpu=cortex-m4 -std=gnu11 -g3 -DDEBUG -DUSE_HAL_DRIVER -DSTM32F411xE -c -I../Core/Inc -I../Drivers/STM32F4xx_HAL_Driver/Inc -I../Drivers/STM32F4xx_HAL_Driver/Inc/Legacy -I../Drivers/CMSIS/Device/ST/STM32F4xx/Include -I../Drivers/CMSIS/Include -O0 -ffunction-sections -fdata-sections -Wall -fstack-usage -fcyclomatic-complexity -MMD -MP -MF"Core/Src/usr/main_PN532.d" -MT"Core/Src/usr/main_PN532.o" --specs=nano.specs -mfpu=fpv4-sp-d16 -mfloat-abi=hard -mthumb -o "Core/Src/usr/main_PN532.o"
../Core/Src/usr/main_PN532.c: In function 'SendI2C':
../Core/Src/usr/main_PN532.c:16:45: warning: pointer targets in passing argument 3 of 'HAL_I2C_Master_Receive' differ in signedness [-Wpointer-sign]
   16 |   HAL_I2C_Master_Receive(&hi2c1, _endereco, rxBuffer, 4, 100);
      |                                             ^~~~~~~~
      |                                             |
      |                                             char *
In file included from ../Core/Inc/stm32f4xx_hal_conf.h:363,
                 from ../Drivers/STM32F4xx_HAL_Driver/Inc/stm32f4xx_hal.h:29,
                 from ../Core/Inc/main.h:30,
                 from ../Core/Inc/usr/main_PN532.h:10,
                 from ../Core/Src/usr/main_PN532.c:1:
../Drivers/STM32F4xx_HAL_Driver/Inc/stm32f4xx_hal_i2c.h:567:97: note: expected 'uint8_t *' {aka 'unsigned char *'} but argument is of type 'char *'
  567 | HAL_StatusTypeDef HAL_I2C_Master_Receive(I2C_HandleTypeDef *hi2c, uint16_t DevAddress, uint8_t *pData, uint16_t Size, uint32_t Timeout);
      |                                                                                        ~~~~~~~~~^~~~~
../Core/Src/usr/main_PN532.c:18:3: warning: implicit declaration of function 'printf' [-Wimplicit-function-declaration]
   18 |   printf(rxBuffer);
      |   ^~~~~~
../Core/Src/usr/main_PN532.c:5:1: note: include '<stdio.h>' or provide a declaration of 'printf'
    4 | #include "i2c.h"
  +++ |+#include <stdio.h>
    5 | 
../Core/Src/usr/main_PN532.c:18:3: warning: incompatible implicit declaration of built-in function 'printf' [-Wbuiltin-declaration-mismatch]
   18 |   printf(rxBuffer);
      |   ^~~~~~
../Core/Src/usr/main_PN532.c:18:3: note: include '<stdio.h>' or provide a declaration of 'printf'
../Core/Src/usr/main_PN532.c: In function 'main_PN532':
../Core/Src/usr/main_PN532.c:56:28: warning: pointer targets in passing argument 2 of 'j3_PN532_GravaTag' differ in signedness [-Wpointer-sign]
   56 |   j3_PN532_GravaTag(pn532, "0x00", 1);
      |                            ^~~~~~
      |                            |
      |                            char *
In file included from ../Core/Src/usr/main_PN532.c:2:
../Core/Inc/usr/J3_PN532.h:32:52: note: expected 'uint8_t *' {aka 'unsigned char *'} but argument is of type 'char *'
   32 | uint8_t j3_PN532_GravaTag(TPN532 *_pn532, uint8_t *_msg, uint8_t _tam); /*  */
      |                                           ~~~~~~~~~^~~~
arm-none-eabi-gcc -o "PN532.elf" @"objects.list"   -mcpu=cortex-m4 -T"C:\NelsonLima\Projetos\Github\lib_PN532\CubeIDE\PN532\STM32F411CEUX_FLASH.ld" --specs=nosys.specs -Wl,-Map="PN532.map" -Wl,--gc-sections -static --specs=nano.specs -mfpu=fpv4-sp-d16 -mfloat-abi=hard -mthumb -Wl,--start-group -lc -lm -Wl,--end-group
Finished building target: PN532.elf
 
arm-none-eabi-size  PN532.elf 
arm-none-eabi-objdump -h -S PN532.elf  > "PN532.list"
   text	   data	    bss	    dec	    hex	filename
  21256	    112	   1992	  23360	   5b40	PN532.elf
Finished building: default.size.stdout
 
Finished building: PN532.list
 
05:42:58 **** Incremental Build of configuration Debug for project PN532 ****
make -j8 all 
arm-none-eabi-size  PN532.elf 
   text	   data	    bss	    dec	    hex	filename
  21256	    112	   1992	  23360	   5b40	PN532.elf
Finished building: default.size.stdout
 
05:45:19 **** Incremental Build of configuration Debug for project PN532 ****
make -j8 all 
arm-none-eabi-gcc "../Core/Src/usr/main_PN532.c" -mcpu=cortex-m4 -std=gnu11 -g3 -DDEBUG -DUSE_HAL_DRIVER -DSTM32F411xE -c -I../Core/Inc -I../Drivers/STM32F4xx_HAL_Driver/Inc -I../Drivers/STM32F4xx_HAL_Driver/Inc/Legacy -I../Drivers/CMSIS/Device/ST/STM32F4xx/Include -I../Drivers/CMSIS/Include -O0 -ffunction-sections -fdata-sections -Wall -fstack-usage -fcyclomatic-complexity -MMD -MP -MF"Core/Src/usr/main_PN532.d" -MT"Core/Src/usr/main_PN532.o" --specs=nano.specs -mfpu=fpv4-sp-d16 -mfloat-abi=hard -mthumb -o "Core/Src/usr/main_PN532.o"
../Core/Src/usr/main_PN532.c: In function 'SendI2C':
../Core/Src/usr/main_PN532.c:16:45: warning: pointer targets in passing argument 3 of 'HAL_I2C_Master_Receive' differ in signedness [-Wpointer-sign]
   16 |   HAL_I2C_Master_Receive(&hi2c1, _endereco, rxBuffer, 10, 500);
      |                                             ^~~~~~~~
      |                                             |
      |                                             char *
In file included from ../Core/Inc/stm32f4xx_hal_conf.h:363,
                 from ../Drivers/STM32F4xx_HAL_Driver/Inc/stm32f4xx_hal.h:29,
                 from ../Core/Inc/main.h:30,
                 from ../Core/Inc/usr/main_PN532.h:10,
                 from ../Core/Src/usr/main_PN532.c:1:
../Drivers/STM32F4xx_HAL_Driver/Inc/stm32f4xx_hal_i2c.h:567:97: note: expected 'uint8_t *' {aka 'unsigned char *'} but argument is of type 'char *'
  567 | HAL_StatusTypeDef HAL_I2C_Master_Receive(I2C_HandleTypeDef *hi2c, uint16_t DevAddress, uint8_t *pData, uint16_t Size, uint32_t Timeout);
      |                                                                                        ~~~~~~~~~^~~~~
../Core/Src/usr/main_PN532.c:18:3: warning: implicit declaration of function 'printf' [-Wimplicit-function-declaration]
   18 |   printf(rxBuffer);
      |   ^~~~~~
../Core/Src/usr/main_PN532.c:5:1: note: include '<stdio.h>' or provide a declaration of 'printf'
    4 | #include "i2c.h"
  +++ |+#include <stdio.h>
    5 | 
../Core/Src/usr/main_PN532.c:18:3: warning: incompatible implicit declaration of built-in function 'printf' [-Wbuiltin-declaration-mismatch]
   18 |   printf(rxBuffer);
      |   ^~~~~~
../Core/Src/usr/main_PN532.c:18:3: note: include '<stdio.h>' or provide a declaration of 'printf'
../Core/Src/usr/main_PN532.c: In function 'main_PN532':
../Core/Src/usr/main_PN532.c:56:28: warning: pointer targets in passing argument 2 of 'j3_PN532_GravaTag' differ in signedness [-Wpointer-sign]
   56 |   j3_PN532_GravaTag(pn532, "0x00", 1);
      |                            ^~~~~~
      |                            |
      |                            char *
In file included from ../Core/Src/usr/main_PN532.c:2:
../Core/Inc/usr/J3_PN532.h:32:52: note: expected 'uint8_t *' {aka 'unsigned char *'} but argument is of type 'char *'
   32 | uint8_t j3_PN532_GravaTag(TPN532 *_pn532, uint8_t *_msg, uint8_t _tam); /*  */
      |                                           ~~~~~~~~~^~~~
arm-none-eabi-gcc -o "PN532.elf" @"objects.list"   -mcpu=cortex-m4 -T"C:\NelsonLima\Projetos\Github\lib_PN532\CubeIDE\PN532\STM32F411CEUX_FLASH.ld" --specs=nosys.specs -Wl,-Map="PN532.map" -Wl,--gc-sections -static --specs=nano.specs -mfpu=fpv4-sp-d16 -mfloat-abi=hard -mthumb -Wl,--start-group -lc -lm -Wl,--end-group
Finished building target: PN532.elf
 
arm-none-eabi-size  PN532.elf 
arm-none-eabi-objdump -h -S PN532.elf  > "PN532.list"
   text	   data	    bss	    dec	    hex	filename
  21260	    112	   1992	  23364	   5b44	PN532.elf
Finished building: default.size.stdout
 
Finished building: PN532.list
 
05:46:43 **** Incremental Build of configuration Debug for project PN532 ****
make -j8 all 
arm-none-eabi-gcc "../Core/Src/i2c.c" -mcpu=cortex-m4 -std=gnu11 -g3 -DDEBUG -DUSE_HAL_DRIVER -DSTM32F411xE -c -I../Core/Inc -I../Drivers/STM32F4xx_HAL_Driver/Inc -I../Drivers/STM32F4xx_HAL_Driver/Inc/Legacy -I../Drivers/CMSIS/Device/ST/STM32F4xx/Include -I../Drivers/CMSIS/Include -O0 -ffunction-sections -fdata-sections -Wall -fstack-usage -fcyclomatic-complexity -MMD -MP -MF"Core/Src/i2c.d" -MT"Core/Src/i2c.o" --specs=nano.specs -mfpu=fpv4-sp-d16 -mfloat-abi=hard -mthumb -o "Core/Src/i2c.o"
arm-none-eabi-gcc "../Core/Src/stm32f4xx_it.c" -mcpu=cortex-m4 -std=gnu11 -g3 -DDEBUG -DUSE_HAL_DRIVER -DSTM32F411xE -c -I../Core/Inc -I../Drivers/STM32F4xx_HAL_Driver/Inc -I../Drivers/STM32F4xx_HAL_Driver/Inc/Legacy -I../Drivers/CMSIS/Device/ST/STM32F4xx/Include -I../Drivers/CMSIS/Include -O0 -ffunction-sections -fdata-sections -Wall -fstack-usage -fcyclomatic-complexity -MMD -MP -MF"Core/Src/stm32f4xx_it.d" -MT"Core/Src/stm32f4xx_it.o" --specs=nano.specs -mfpu=fpv4-sp-d16 -mfloat-abi=hard -mthumb -o "Core/Src/stm32f4xx_it.o"
arm-none-eabi-gcc -o "PN532.elf" @"objects.list"   -mcpu=cortex-m4 -T"C:\NelsonLima\Projetos\Github\lib_PN532\CubeIDE\PN532\STM32F411CEUX_FLASH.ld" --specs=nosys.specs -Wl,-Map="PN532.map" -Wl,--gc-sections -static --specs=nano.specs -mfpu=fpv4-sp-d16 -mfloat-abi=hard -mthumb -Wl,--start-group -lc -lm -Wl,--end-group
Finished building target: PN532.elf
 
arm-none-eabi-size  PN532.elf 
arm-none-eabi-objdump -h -S PN532.elf  > "PN532.list"
   text	   data	    bss	    dec	    hex	filename
  14784	    112	   1992	  16888	   41f8	PN532.elf
Finished building: default.size.stdout
 
Finished building: PN532.list
 
05:49:30 **** Incremental Build of configuration Debug for project PN532 ****
make -j8 all 
arm-none-eabi-gcc "../Core/Src/usr/main_PN532.c" -mcpu=cortex-m4 -std=gnu11 -g3 -DDEBUG -DUSE_HAL_DRIVER -DSTM32F411xE -c -I../Core/Inc -I../Drivers/STM32F4xx_HAL_Driver/Inc -I../Drivers/STM32F4xx_HAL_Driver/Inc/Legacy -I../Drivers/CMSIS/Device/ST/STM32F4xx/Include -I../Drivers/CMSIS/Include -O0 -ffunction-sections -fdata-sections -Wall -fstack-usage -fcyclomatic-complexity -MMD -MP -MF"Core/Src/usr/main_PN532.d" -MT"Core/Src/usr/main_PN532.o" --specs=nano.specs -mfpu=fpv4-sp-d16 -mfloat-abi=hard -mthumb -o "Core/Src/usr/main_PN532.o"
../Core/Src/usr/main_PN532.c: In function 'SendI2C':
../Core/Src/usr/main_PN532.c:16:45: warning: pointer targets in passing argument 3 of 'HAL_I2C_Master_Receive' differ in signedness [-Wpointer-sign]
   16 |   HAL_I2C_Master_Receive(&hi2c1, _endereco, rxBuffer, 10, 500);
      |                                             ^~~~~~~~
      |                                             |
      |                                             char *
In file included from ../Core/Inc/stm32f4xx_hal_conf.h:363,
                 from ../Drivers/STM32F4xx_HAL_Driver/Inc/stm32f4xx_hal.h:29,
                 from ../Core/Inc/main.h:30,
                 from ../Core/Inc/usr/main_PN532.h:10,
                 from ../Core/Src/usr/main_PN532.c:1:
../Drivers/STM32F4xx_HAL_Driver/Inc/stm32f4xx_hal_i2c.h:567:97: note: expected 'uint8_t *' {aka 'unsigned char *'} but argument is of type 'char *'
  567 | HAL_StatusTypeDef HAL_I2C_Master_Receive(I2C_HandleTypeDef *hi2c, uint16_t DevAddress, uint8_t *pData, uint16_t Size, uint32_t Timeout);
      |                                                                                        ~~~~~~~~~^~~~~
../Core/Src/usr/main_PN532.c:18:3: warning: implicit declaration of function 'printf' [-Wimplicit-function-declaration]
   18 |   printf(rxBuffer);
      |   ^~~~~~
../Core/Src/usr/main_PN532.c:5:1: note: include '<stdio.h>' or provide a declaration of 'printf'
    4 | #include "i2c.h"
  +++ |+#include <stdio.h>
    5 | 
../Core/Src/usr/main_PN532.c:18:3: warning: incompatible implicit declaration of built-in function 'printf' [-Wbuiltin-declaration-mismatch]
   18 |   printf(rxBuffer);
      |   ^~~~~~
../Core/Src/usr/main_PN532.c:18:3: note: include '<stdio.h>' or provide a declaration of 'printf'
../Core/Src/usr/main_PN532.c: In function 'main_PN532':
../Core/Src/usr/main_PN532.c:56:28: warning: pointer targets in passing argument 2 of 'j3_PN532_GravaTag' differ in signedness [-Wpointer-sign]
   56 |   j3_PN532_GravaTag(pn532, "0x00", 1);
      |                            ^~~~~~
      |                            |
      |                            char *
In file included from ../Core/Src/usr/main_PN532.c:2:
../Core/Inc/usr/J3_PN532.h:32:52: note: expected 'uint8_t *' {aka 'unsigned char *'} but argument is of type 'char *'
   32 | uint8_t j3_PN532_GravaTag(TPN532 *_pn532, uint8_t *_msg, uint8_t _tam); /*  */
      |                                           ~~~~~~~~~^~~~
arm-none-eabi-gcc -o "PN532.elf" @"objects.list"   -mcpu=cortex-m4 -T"C:\NelsonLima\Projetos\Github\lib_PN532\CubeIDE\PN532\STM32F411CEUX_FLASH.ld" --specs=nosys.specs -Wl,-Map="PN532.map" -Wl,--gc-sections -static --specs=nano.specs -mfpu=fpv4-sp-d16 -mfloat-abi=hard -mthumb -Wl,--start-group -lc -lm -Wl,--end-group
Finished building target: PN532.elf
 
arm-none-eabi-size  PN532.elf 
arm-none-eabi-objdump -h -S PN532.elf  > "PN532.list"
   text	   data	    bss	    dec	    hex	filename
  14784	    112	   1992	  16888	   41f8	PN532.elf
Finished building: default.size.stdout
 
Finished building: PN532.list
 
